Archive member included because of file (symbol)

c:/program files/microchip/xc32/v2.41/bin/bin/../../lib/gcc/pic32mx/4.8.3/../../../../pic32mx/lib/micromips\libpic32.a(memset.o)
                              build/default/production/timer_1ms.o (memset)
c:/program files/microchip/xc32/v2.41/bin/bin/../../lib/gcc/pic32mx/4.8.3/../../../../pic32mx/lib/micromips\libpic32.a(default-bootstrap-exception-handler.o)
                              C:\Users\DALITS~1\AppData\Local\Temp\cctS3Q5d.o (_bootstrap_exception_handler)
c:/program files/microchip/xc32/v2.41/bin/bin/../../lib/gcc/pic32mx/4.8.3/../../../../pic32mx/lib/micromips\libpic32.a(default-on-reset.o)
                              C:\Users\DALITS~1\AppData\Local\Temp\cctS3Q5d.o (_on_reset)
c:/program files/microchip/xc32/v2.41/bin/bin/../../lib/gcc/pic32mx/4.8.3/../../../../pic32mx/lib/micromips\libpic32.a(default-on-bootstrap.o)
                              C:\Users\DALITS~1\AppData\Local\Temp\cctS3Q5d.o (_on_bootstrap)
c:/program files/microchip/xc32/v2.41/bin/bin/../../lib/gcc/pic32mx/4.8.3/../../../../pic32mx/lib/micromips\libpic32.a(default-nmi-handler.o)
                              C:\Users\DALITS~1\AppData\Local\Temp\cctS3Q5d.o (_nmi_handler)
c:/program files/microchip/xc32/v2.41/bin/bin/../../lib/gcc/pic32mx/4.8.3/../../../../pic32mx/lib/micromips\libpic32.a(pic32_data_init.o)
                              C:\Users\DALITS~1\AppData\Local\Temp\cctS3Q5d.o (__pic32_data_init)
c:/program files/microchip/xc32/v2.41/bin/bin/../../lib/gcc/pic32mx/4.8.3/../../../../pic32mx/lib/micromips\libpic32.a(general-exception.o)
                              C:\Users\DALITS~1\AppData\Local\Temp\cctS3Q5d.o (_general_exception_context)
c:/program files/microchip/xc32/v2.41/bin/bin/../../lib/gcc/pic32mx/4.8.3/../../../../pic32mx/lib/micromips\libpic32.a(vector0.o)
                              C:\Users\DALITS~1\AppData\Local\Temp\cckOG4pc.o (__vector_dispatch_0)
c:/program files/microchip/xc32/v2.41/bin/bin/../../lib/gcc/pic32mx/4.8.3/../../../../pic32mx/lib/micromips\libpic32.a(vector1.o)
                              C:\Users\DALITS~1\AppData\Local\Temp\cckOG4pc.o (__vector_dispatch_1)
c:/program files/microchip/xc32/v2.41/bin/bin/../../lib/gcc/pic32mx/4.8.3/../../../../pic32mx/lib/micromips\libpic32.a(vector2.o)
                              C:\Users\DALITS~1\AppData\Local\Temp\cckOG4pc.o (__vector_dispatch_2)
c:/program files/microchip/xc32/v2.41/bin/bin/../../lib/gcc/pic32mx/4.8.3/../../../../pic32mx/lib/micromips\libpic32.a(vector3.o)
                              C:\Users\DALITS~1\AppData\Local\Temp\cckOG4pc.o (__vector_dispatch_3)
c:/program files/microchip/xc32/v2.41/bin/bin/../../lib/gcc/pic32mx/4.8.3/../../../../pic32mx/lib/micromips\libpic32.a(vector4.o)
                              C:\Users\DALITS~1\AppData\Local\Temp\cckOG4pc.o (__vector_dispatch_4)
c:/program files/microchip/xc32/v2.41/bin/bin/../../lib/gcc/pic32mx/4.8.3/../../../../pic32mx/lib/micromips\libpic32.a(vector5.o)
                              C:\Users\DALITS~1\AppData\Local\Temp\cckOG4pc.o (__vector_dispatch_5)
c:/program files/microchip/xc32/v2.41/bin/bin/../../lib/gcc/pic32mx/4.8.3/../../../../pic32mx/lib/micromips\libpic32.a(vector6.o)
                              C:\Users\DALITS~1\AppData\Local\Temp\cckOG4pc.o (__vector_dispatch_6)
c:/program files/microchip/xc32/v2.41/bin/bin/../../lib/gcc/pic32mx/4.8.3/../../../../pic32mx/lib/micromips\libpic32.a(vector7.o)
                              C:\Users\DALITS~1\AppData\Local\Temp\cckOG4pc.o (__vector_dispatch_7)
c:/program files/microchip/xc32/v2.41/bin/bin/../../lib/gcc/pic32mx/4.8.3/../../../../pic32mx/lib/micromips\libpic32.a(vector8.o)
                              C:\Users\DALITS~1\AppData\Local\Temp\cckOG4pc.o (__vector_dispatch_8)
c:/program files/microchip/xc32/v2.41/bin/bin/../../lib/gcc/pic32mx/4.8.3/../../../../pic32mx/lib/micromips\libpic32.a(vector9.o)
                              C:\Users\DALITS~1\AppData\Local\Temp\cckOG4pc.o (__vector_dispatch_9)
c:/program files/microchip/xc32/v2.41/bin/bin/../../lib/gcc/pic32mx/4.8.3/../../../../pic32mx/lib/micromips\libpic32.a(vector10.o)
                              C:\Users\DALITS~1\AppData\Local\Temp\cckOG4pc.o (__vector_dispatch_10)
c:/program files/microchip/xc32/v2.41/bin/bin/../../lib/gcc/pic32mx/4.8.3/../../../../pic32mx/lib/micromips\libpic32.a(vector12.o)
                              C:\Users\DALITS~1\AppData\Local\Temp\cckOG4pc.o (__vector_dispatch_12)
c:/program files/microchip/xc32/v2.41/bin/bin/../../lib/gcc/pic32mx/4.8.3/../../../../pic32mx/lib/micromips\libpic32.a(vector13.o)
                              C:\Users\DALITS~1\AppData\Local\Temp\cckOG4pc.o (__vector_dispatch_13)
c:/program files/microchip/xc32/v2.41/bin/bin/../../lib/gcc/pic32mx/4.8.3/../../../../pic32mx/lib/micromips\libpic32.a(vector14.o)
                              C:\Users\DALITS~1\AppData\Local\Temp\cckOG4pc.o (__vector_dispatch_14)
[...]
Memory Configuration

Name             Origin             Length             Attributes
kseg0_program_mem 0x9d000000         0x00010000         xr
debug_exec_mem   0x9fc00490         0x00000760
kseg0_boot_mem   0x9fc00490         0x00000000
kseg1_boot_mem   0xbfc00000         0x00000490
config_BFC01744  0xbfc01744         0x00000004
config_BFC01748  0xbfc01748         0x00000004
config_BFC0174C  0xbfc0174c         0x00000004
config_BFC01750  0xbfc01750         0x00000004
config_BFC01754  0xbfc01754         0x00000004
config_BFC01758  0xbfc01758         0x00000004
config_BFC01760  0xbfc01760         0x00000004
config_BFC017C4  0xbfc017c4         0x00000004
config_BFC017C8  0xbfc017c8         0x00000004
config_BFC017CC  0xbfc017cc         0x00000004
config_BFC017D0  0xbfc017d0         0x00000004
config_BFC017D4  0xbfc017d4         0x00000004
config_BFC017D8  0xbfc017d8         0x00000004
config_BFC017E0  0xbfc017e0         0x00000004
kseg0_data_mem   0x80000000         0x00002000         w !x
sfrs             0xbf800000         0x00100000
configsfrs_BFC01740 0xbfc01740         0x0000001c
configsfrs_BFC017C0 0xbfc017c0         0x0000001c
*default*        0x00000000         0xffffffff

Linker script and memory map

LOAD c:/program files/microchip/xc32/v2.41/bin/bin/../../lib/gcc/pic32mx/4.8.3/../../../../pic32mx/lib/micromips\debug-exception-return-mm.o
LOAD build/default/production/leds_rgb.o
LOAD build/default/production/main.o
LOAD build/default/production/adc.o
LOAD build/default/production/buttons.o
LOAD build/default/production/leds.o
LOAD build/default/production/system.o
LOAD build/default/production/timer_1ms.o
                0x00000001                __MPLAB_BUILD = 0x1
LOAD C:\Users\DALITS~1\AppData\Local\Temp\cctS3Q5d.o
LOAD C:\Users\DALITS~1\AppData\Local\Temp\cc00DgcQ.o
LOAD C:\Users\DALITS~1\AppData\Local\Temp\cckOG4pc.o
LOAD c:/program files/microchip/xc32/v2.41/bin/bin/../../lib/gcc/pic32mx/4.8.3/../../../../pic32mx/lib/micromips\pic32_software_reset-mm.o
                0x00000400                PROVIDE (_min_stack_size, 0x400)
                0x00000001                PROVIDE (_vector_spacing, 0x1)
                0x9d000000                PROVIDE (_ebase_address, 0x9d000000)
                0xbfc00000                _RESET_ADDR = 0xbfc00000
                0xbfc00380                _BEV_EXCPT_ADDR = 0xbfc00380
                0xbfc00480                _DBG_EXCPT_ADDR = 0xbfc00480
                0x9fc00490                _DBG_CODE_ADDR = 0x9fc00490
                0x00000760                _DBG_CODE_SIZE = 0x760
                0x9d000000                _SIMPLE_TLB_REFILL_EXCPT_ADDR = (_ebase_address + 0x0)
                0x9d000180                _GEN_EXCPT_ADDR = (_ebase_address + 0x180)

.config_BFC01744
 *(.config_BFC01744)

.config_BFC01748
 *(.config_BFC01748)

.config_BFC0174C
 *(.config_BFC0174C)

.config_BFC01750
 *(.config_BFC01750)

.config_BFC01754
 *(.config_BFC01754)

.config_BFC01758
 *(.config_BFC01758)

.config_BFC01760
 *(.config_BFC01760)

.config_BFC017C4
 *(.config_BFC017C4)

.config_BFC017C8
 *(.config_BFC017C8)

.config_BFC017CC
 *(.config_BFC017CC)

.config_BFC017D0
 *(.config_BFC017D0)

.config_BFC017D4
 *(.config_BFC017D4)

.config_BFC017D8
 *(.config_BFC017D8)

.config_BFC017E0
 *(.config_BFC017E0)

.reset          0xbfc00000      0x164
 *(.reset)
 .reset         0xbfc00000        0x8 C:\Users\DALITS~1\AppData\Local\Temp\cctS3Q5d.o
                0xbfc00001                _reset
 *(.reset.startup)
 .reset.startup
                0xbfc00008      0x15c C:\Users\DALITS~1\AppData\Local\Temp\cctS3Q5d.o
                0xbfc00009                _startup

.bev_excpt      0xbfc00380        0xc
 *(.bev_handler)
 .bev_handler   0xbfc00380        0xc C:\Users\DALITS~1\AppData\Local\Temp\cctS3Q5d.o

.dbg_excpt      0xbfc00480        0x0
                0xbfc00480                . = (. + DEFINED (_DEBUGGER)?0x8:0x0)

.dbg_code       0x9fc00490        0x0
                0x9fc00490                . = (. + DEFINED (_DEBUGGER)?_DBG_CODE_SIZE:0x0)

.app_excpt      0x9d000180        0xc
 *(.gen_handler)
 .gen_handler   0x9d000180        0xc C:\Users\DALITS~1\AppData\Local\Temp\cctS3Q5d.o

.vector_0       0x9d000200        0x8
 *(.vector_0)
 .vector_0      0x9d000200        0x8 c:/program files/microchip/xc32/v2.41/bin/bin/../../lib/gcc/pic32mx/4.8.3/../../../../pic32mx/lib/micromips\libpic32.a(vector0.o)
                0x9d000201                __vector_dispatch_0
                0x00000001                ASSERT (((_vector_spacing == 0x0) || (SIZEOF (.vector_0) <= (_vector_spacing << 0x3))), function at exception vector 0 too large)

.vector_1       0x9d000208        0x8
 *(.vector_1)
 .vector_1      0x9d000208        0x8 c:/program files/microchip/xc32/v2.41/bin/bin/../../lib/gcc/pic32mx/4.8.3/../../../../pic32mx/lib/micromips\libpic32.a(vector1.o)
                0x9d000209                __vector_dispatch_1
                0x00000001                ASSERT (((_vector_spacing == 0x0) || (SIZEOF (.vector_1) <= (_vector_spacing << 0x3))), function at exception vector 1 too large)

.vector_2       0x9d000210        0x8
 *(.vector_2)
 .vector_2      0x9d000210        0x8 c:/program files/microchip/xc32/v2.41/bin/bin/../../lib/gcc/pic32mx/4.8.3/../../../../pic32mx/lib/micromips\libpic32.a(vector2.o)
                0x9d000211                __vector_dispatch_2
                0x00000001                ASSERT (((_vector_spacing == 0x0) || (SIZEOF (.vector_2) <= (_vector_spacing << 0x3))), function at exception vector 2 too large)

.vector_3       0x9d000218        0x8
 *(.vector_3)
 .vector_3      0x9d000218        0x8 c:/program files/microchip/xc32/v2.41/bin/bin/../../lib/gcc/pic32mx/4.8.3/../../../../pic32mx/lib/micromips\libpic32.a(vector3.o)
                0x9d000219                __vector_dispatch_3
                0x00000001                ASSERT (((_vector_spacing == 0x0) || (SIZEOF (.vector_3) <= (_vector_spacing << 0x3))), function at exception vector 3 too large)

.vector_4       0x9d000220        0x8
 *(.vector_4)
 .vector_4      0x9d000220        0x8 c:/program files/microchip/xc32/v2.41/bin/bin/../../lib/gcc/pic32mx/4.8.3/../../../../pic32mx/lib/micromips\libpic32.a(vector4.o)
                0x9d000221                __vector_dispatch_4
                0x00000001                ASSERT (((_vector_spacing == 0x0) || (SIZEOF (.vector_4) <= (_vector_spacing << 0x3))), function at exception vector 4 too large)

.vector_5       0x9d000228        0x8
 *(.vector_5)
 .vector_5      0x9d000228        0x8 c:/program files/microchip/xc32/v2.41/bin/bin/../../lib/gcc/pic32mx/4.8.3/../../../../pic32mx/lib/micromips\libpic32.a(vector5.o)
                0x9d000229                __vector_dispatch_5
                0x00000001                ASSERT (((_vector_spacing == 0x0) || (SIZEOF (.vector_5) <= (_vector_spacing << 0x3))), function at exception vector 5 too large)

.vector_6       0x9d000230        0x8
 *(.vector_6)
 .vector_6      0x9d000230        0x8 c:/program files/microchip/xc32/v2.41/bin/bin/../../lib/gcc/pic32mx/4.8.3/../../../../pic32mx/lib/micromips\libpic32.a(vector6.o)
                0x9d000231                __vector_dispatch_6
                0x00000001                ASSERT (((_vector_spacing == 0x0) || (SIZEOF (.vector_6) <= (_vector_spacing << 0x3))), function at exception vector 6 too large)

.vector_7       0x9d000238        0x8
 *(.vector_7)
 .vector_7      0x9d000238        0x8 c:/program files/microchip/xc32/v2.41/bin/bin/../../lib/gcc/pic32mx/4.8.3/../../../../pic32mx/lib/micromips\libpic32.a(vector7.o)
                0x9d000239                __vector_dispatch_7
                0x00000001                ASSERT (((_vector_spacing == 0x0) || (SIZEOF (.vector_7) <= (_vector_spacing << 0x3))), function at exception vector 7 too large)

.vector_8       0x9d000240        0x8
 *(.vector_8)
 .vector_8      0x9d000240        0x8 c:/program files/microchip/xc32/v2.41/bin/bin/../../lib/gcc/pic32mx/4.8.3/../../../../pic32mx/lib/micromips\libpic32.a(vector8.o)
                0x9d000241                __vector_dispatch_8
                0x00000001                ASSERT (((_vector_spacing == 0x0) || (SIZEOF (.vector_8) <= (_vector_spacing << 0x3))), function at exception vector 8 too large)

.vector_9       0x9d000248        0x8
 *(.vector_9)
 .vector_9      0x9d000248        0x8 c:/program files/microchip/xc32/v2.41/bin/bin/../../lib/gcc/pic32mx/4.8.3/../../../../pic32mx/lib/micromips\libpic32.a(vector9.o)
                0x9d000249                __vector_dispatch_9
                0x00000001                ASSERT (((_vector_spacing == 0x0) || (SIZEOF (.vector_9) <= (_vector_spacing << 0x3))), function at exception vector 9 too large)

.vector_10      0x9d000250        0x8
 *(.vector_10)
 .vector_10     0x9d000250        0x8 c:/program files/microchip/xc32/v2.41/bin/bin/../../lib/gcc/pic32mx/4.8.3/../../../../pic32mx/lib/micromips\libpic32.a(vector10.o)
                0x9d000251                __vector_dispatch_10
                0x00000001                ASSERT (((_vector_spacing == 0x0) || (SIZEOF (.vector_10) <= (_vector_spacing << 0x3))), function at exception vector 10 too large)

.vector_11      0x9d000258        0x8
 *(.vector_11)
 .vector_11     0x9d000258        0x8 build/default/production/timer_1ms.o
                0x9d000259                __vector_dispatch_11
                0x00000001                ASSERT (((_vector_spacing == 0x0) || (SIZEOF (.vector_11) <= (_vector_spacing << 0x3))), function at exception vector 11 too large)

.vector_12      0x9d000260        0x8
 *(.vector_12)
 .vector_12     0x9d000260        0x8 c:/program files/microchip/xc32/v2.41/bin/bin/../../lib/gcc/pic32mx/4.8.3/../../../../pic32mx/lib/micromips\libpic32.a(vector12.o)
                0x9d000261                __vector_dispatch_12
                0x00000001                ASSERT (((_vector_spacing == 0x0) || (SIZEOF (.vector_12) <= (_vector_spacing << 0x3))), function at exception vector 12 too large)

.vector_13      0x9d000268        0x8
 *(.vector_13)
 .vector_13     0x9d000268        0x8 c:/program files/microchip/xc32/v2.41/bin/bin/../../lib/gcc/pic32mx/4.8.3/../../../../pic32mx/lib/micromips\libpic32.a(vector13.o)
                0x9d000269                __vector_dispatch_13
                0x00000001                ASSERT (((_vector_spacing == 0x0) || (SIZEOF (.vector_13) <= (_vector_spacing << 0x3))), function at exception vector 13 too large)

.vector_14      0x9d000270        0x8
 *(.vector_14)
 .vector_14     0x9d000270        0x8 c:/program files/microchip/xc32/v2.41/bin/bin/../../lib/gcc/pic32mx/4.8.3/../../../../pic32mx/lib/micromips\libpic32.a(vector14.o)
                0x9d000271                __vector_dispatch_14
                0x00000001                ASSERT (((_vector_spacing == 0x0) || (SIZEOF (.vector_14) <= (_vector_spacing << 0x3))), function at exception vector 14 too large)

.vector_15      0x9d000278        0x8
 *(.vector_15)
 .vector_15     0x9d000278        0x8 c:/program files/microchip/xc32/v2.41/bin/bin/../../lib/gcc/pic32mx/4.8.3/../../../../pic32mx/lib/micromips\libpic32.a(vector15.o)
                0x9d000279                __vector_dispatch_15
                0x00000001                ASSERT (((_vector_spacing == 0x0) || (SIZEOF (.vector_15) <= (_vector_spacing << 0x3))), function at exception vector 15 too large)

.vector_16      0x9d000280        0x8
 *(.vector_16)
 .vector_16     0x9d000280        0x8 c:/program files/microchip/xc32/v2.41/bin/bin/../../lib/gcc/pic32mx/4.8.3/../../../../pic32mx/lib/micromips\libpic32.a(vector16.o)
                0x9d000281                __vector_dispatch_16
                0x00000001                ASSERT (((_vector_spacing == 0x0) || (SIZEOF (.vector_16) <= (_vector_spacing << 0x3))), function at exception vector 16 too large)

.vector_17      0x9d000288        0x8
 *(.vector_17)
 .vector_17     0x9d000288        0x8 c:/program files/microchip/xc32/v2.41/bin/bin/../../lib/gcc/pic32mx/4.8.3/../../../../pic32mx/lib/micromips\libpic32.a(vector17.o)
                0x9d000289                __vector_dispatch_17
                0x00000001                ASSERT (((_vector_spacing == 0x0) || (SIZEOF (.vector_17) <= (_vector_spacing << 0x3))), function at exception vector 17 too large)

.vector_18      0x9d000290        0x8
 *(.vector_18)
 .vector_18     0x9d000290        0x8 c:/program files/microchip/xc32/v2.41/bin/bin/../../lib/gcc/pic32mx/4.8.3/../../../../pic32mx/lib/micromips\libpic32.a(vector18.o)
                0x9d000291                __vector_dispatch_18
                0x00000001                ASSERT (((_vector_spacing == 0x0) || (SIZEOF (.vector_18) <= (_vector_spacing << 0x3))), function at exception vector 18 too large)

.vector_19      0x9d000298        0x8
 *(.vector_19)
 .vector_19     0x9d000298        0x8 c:/program files/microchip/xc32/v2.41/bin/bin/../../lib/gcc/pic32mx/4.8.3/../../../../pic32mx/lib/micromips\libpic32.a(vector19.o)
                0x9d000299                __vector_dispatch_19
                0x00000001                ASSERT (((_vector_spacing == 0x0) || (SIZEOF (.vector_19) <= (_vector_spacing << 0x3))), function at exception vector 19 too large)

.vector_20      0x9d0002a0        0x8
 *(.vector_20)
 .vector_20     0x9d0002a0        0x8 c:/program files/microchip/xc32/v2.41/bin/bin/../../lib/gcc/pic32mx/4.8.3/../../../../pic32mx/lib/micromips\libpic32.a(vector20.o)
                0x9d0002a1                __vector_dispatch_20
                0x00000001                ASSERT (((_vector_spacing == 0x0) || (SIZEOF (.vector_20) <= (_vector_spacing << 0x3))), function at exception vector 20 too large)

.vector_21      0x9d0002a8        0x8
 *(.vector_21)
 .vector_21     0x9d0002a8        0x8 c:/program files/microchip/xc32/v2.41/bin/bin/../../lib/gcc/pic32mx/4.8.3/../../../../pic32mx/lib/micromips\libpic32.a(vector21.o)
                0x9d0002a9                __vector_dispatch_21
                0x00000001                ASSERT (((_vector_spacing == 0x0) || (SIZEOF (.vector_21) <= (_vector_spacing << 0x3))), function at exception vector 21 too large)

.vector_22      0x9d0002b0        0x8
 *(.vector_22)
 .vector_22     0x9d0002b0        0x8 c:/program files/microchip/xc32/v2.41/bin/bin/../../lib/gcc/pic32mx/4.8.3/../../../../pic32mx/lib/micromips\libpic32.a(vector22.o)
                0x9d0002b1                __vector_dispatch_22
                0x00000001                ASSERT (((_vector_spacing == 0x0) || (SIZEOF (.vector_22) <= (_vector_spacing << 0x3))), function at exception vector 22 too large)

.vector_23      0x9d0002b8        0x8
 *(.vector_23)
 .vector_23     0x9d0002b8        0x8 c:/program files/microchip/xc32/v2.41/bin/bin/../../lib/gcc/pic32mx/4.8.3/../../../../pic32mx/lib/micromips\libpic32.a(vector23.o)
                0x9d0002b9                __vector_dispatch_23
                0x00000001                ASSERT (((_vector_spacing == 0x0) || (SIZEOF (.vector_23) <= (_vector_spacing << 0x3))), function at exception vector 23 too large)

.vector_24      0x9d0002c0        0x8
 *(.vector_24)
 .vector_24     0x9d0002c0        0x8 c:/program files/microchip/xc32/v2.41/bin/bin/../../lib/gcc/pic32mx/4.8.3/../../../../pic32mx/lib/micromips\libpic32.a(vector24.o)
                0x9d0002c1                __vector_dispatch_24
                0x00000001                ASSERT (((_vector_spacing == 0x0) || (SIZEOF (.vector_24) <= (_vector_spacing << 0x3))), function at exception vector 24 too large)

.vector_25      0x9d0002c8        0x8
 *(.vector_25)
 .vector_25     0x9d0002c8        0x8 c:/program files/microchip/xc32/v2.41/bin/bin/../../lib/gcc/pic32mx/4.8.3/../../../../pic32mx/lib/micromips\libpic32.a(vector25.o)
                0x9d0002c9                __vector_dispatch_25
                0x00000001                ASSERT (((_vector_spacing == 0x0) || (SIZEOF (.vector_25) <= (_vector_spacing << 0x3))), function at exception vector 25 too large)

.vector_26      0x9d0002d0        0x8
 *(.vector_26)
 .vector_26     0x9d0002d0        0x8 c:/program files/microchip/xc32/v2.41/bin/bin/../../lib/gcc/pic32mx/4.8.3/../../../../pic32mx/lib/micromips\libpic32.a(vector26.o)
                0x9d0002d1                __vector_dispatch_26
                0x00000001                ASSERT (((_vector_spacing == 0x0) || (SIZEOF (.vector_26) <= (_vector_spacing << 0x3))), function at exception vector 26 too large)

.vector_27      0x9d0002d8        0x8
 *(.vector_27)
 .vector_27     0x9d0002d8        0x8 c:/program files/microchip/xc32/v2.41/bin/bin/../../lib/gcc/pic32mx/4.8.3/../../../../pic32mx/lib/micromips\libpic32.a(vector27.o)
                0x9d0002d9                __vector_dispatch_27
                0x00000001                ASSERT (((_vector_spacing == 0x0) || (SIZEOF (.vector_27) <= (_vector_spacing << 0x3))), function at exception vector 27 too large)

.vector_28      0x9d0002e0        0x8
 *(.vector_28)
 .vector_28     0x9d0002e0        0x8 c:/program files/microchip/xc32/v2.41/bin/bin/../../lib/gcc/pic32mx/4.8.3/../../../../pic32mx/lib/micromips\libpic32.a(vector28.o)
                0x9d0002e1                __vector_dispatch_28
                0x00000001                ASSERT (((_vector_spacing == 0x0) || (SIZEOF (.vector_28) <= (_vector_spacing << 0x3))), function at exception vector 28 too large)

.vector_29      0x9d0002e8        0x8
 *(.vector_29)
 .vector_29     0x9d0002e8        0x8 c:/program files/microchip/xc32/v2.41/bin/bin/../../lib/gcc/pic32mx/4.8.3/../../../../pic32mx/lib/micromips\libpic32.a(vector29.o)
                0x9d0002e9                __vector_dispatch_29
                0x00000001                ASSERT (((_vector_spacing == 0x0) || (SIZEOF (.vector_29) <= (_vector_spacing << 0x3))), function at exception vector 29 too large)

.vector_30      0x9d0002f0        0x8
 *(.vector_30)
 .vector_30     0x9d0002f0        0x8 c:/program files/microchip/xc32/v2.41/bin/bin/../../lib/gcc/pic32mx/4.8.3/../../../../pic32mx/lib/micromips\libpic32.a(vector30.o)
                0x9d0002f1                __vector_dispatch_30
                0x00000001                ASSERT (((_vector_spacing == 0x0) || (SIZEOF (.vector_30) <= (_vector_spacing << 0x3))), function at exception vector 30 too large)

.vector_31      0x9d0002f8        0x8
 *(.vector_31)
 .vector_31     0x9d0002f8        0x8 c:/program files/microchip/xc32/v2.41/bin/bin/../../lib/gcc/pic32mx/4.8.3/../../../../pic32mx/lib/micromips\libpic32.a(vector31.o)
                0x9d0002f9                __vector_dispatch_31
                0x00000001                ASSERT (((_vector_spacing == 0x0) || (SIZEOF (.vector_31) <= (_vector_spacing << 0x3))), function at exception vector 31 too large)

.vector_32      0x9d000300        0x8
 *(.vector_32)
 .vector_32     0x9d000300        0x8 c:/program files/microchip/xc32/v2.41/bin/bin/../../lib/gcc/pic32mx/4.8.3/../../../../pic32mx/lib/micromips\libpic32.a(vector32.o)
                0x9d000301                __vector_dispatch_32
                0x00000001                ASSERT (((_vector_spacing == 0x0) || (SIZEOF (.vector_32) <= (_vector_spacing << 0x3))), function at exception vector 32 too large)

.vector_33      0x9d000308        0x8
 *(.vector_33)
 .vector_33     0x9d000308        0x8 c:/program files/microchip/xc32/v2.41/bin/bin/../../lib/gcc/pic32mx/4.8.3/../../../../pic32mx/lib/micromips\libpic32.a(vector33.o)
                0x9d000309                __vector_dispatch_33
                0x00000001                ASSERT (((_vector_spacing == 0x0) || (SIZEOF (.vector_33) <= (_vector_spacing << 0x3))), function at exception vector 33 too large)

.vector_34      0x9d000310        0x8
 *(.vector_34)
 .vector_34     0x9d000310        0x8 c:/program files/microchip/xc32/v2.41/bin/bin/../../lib/gcc/pic32mx/4.8.3/../../../../pic32mx/lib/micromips\libpic32.a(vector34.o)
                0x9d000311                __vector_dispatch_34
                0x00000001                ASSERT (((_vector_spacing == 0x0) || (SIZEOF (.vector_34) <= (_vector_spacing << 0x3))), function at exception vector 34 too large)

.vector_35      0x9d000318        0x8
 *(.vector_35)
 .vector_35     0x9d000318        0x8 c:/program files/microchip/xc32/v2.41/bin/bin/../../lib/gcc/pic32mx/4.8.3/../../../../pic32mx/lib/micromips\libpic32.a(vector35.o)
                0x9d000319                __vector_dispatch_35
                0x00000001                ASSERT (((_vector_spacing == 0x0) || (SIZEOF (.vector_35) <= (_vector_spacing << 0x3))), function at exception vector 35 too large)

.vector_36      0x9d000320        0x8
 *(.vector_36)
 .vector_36     0x9d000320        0x8 c:/program files/microchip/xc32/v2.41/bin/bin/../../lib/gcc/pic32mx/4.8.3/../../../../pic32mx/lib/micromips\libpic32.a(vector36.o)
                0x9d000321                __vector_dispatch_36
                0x00000001                ASSERT (((_vector_spacing == 0x0) || (SIZEOF (.vector_36) <= (_vector_spacing << 0x3))), function at exception vector 36 too large)

.vector_37      0x9d000328        0x8
 *(.vector_37)
 .vector_37     0x9d000328        0x8 c:/program files/microchip/xc32/v2.41/bin/bin/../../lib/gcc/pic32mx/4.8.3/../../../../pic32mx/lib/micromips\libpic32.a(vector37.o)
                0x9d000329                __vector_dispatch_37
                0x00000001                ASSERT (((_vector_spacing == 0x0) || (SIZEOF (.vector_37) <= (_vector_spacing << 0x3))), function at exception vector 37 too large)

.vector_38      0x9d000330        0x8
 *(.vector_38)
 .vector_38     0x9d000330        0x8 c:/program files/microchip/xc32/v2.41/bin/bin/../../lib/gcc/pic32mx/4.8.3/../../../../pic32mx/lib/micromips\libpic32.a(vector38.o)
                0x9d000331                __vector_dispatch_38
                0x00000001                ASSERT (((_vector_spacing == 0x0) || (SIZEOF (.vector_38) <= (_vector_spacing << 0x3))), function at exception vector 38 too large)

.vector_39      0x9d000338        0x8
 *(.vector_39)
 .vector_39     0x9d000338        0x8 c:/program files/microchip/xc32/v2.41/bin/bin/../../lib/gcc/pic32mx/4.8.3/../../../../pic32mx/lib/micromips\libpic32.a(vector39.o)
                0x9d000339                __vector_dispatch_39
                0x00000001                ASSERT (((_vector_spacing == 0x0) || (SIZEOF (.vector_39) <= (_vector_spacing << 0x3))), function at exception vector 39 too large)

.vector_40      0x9d000340        0x8
 *(.vector_40)
 .vector_40     0x9d000340        0x8 c:/program files/microchip/xc32/v2.41/bin/bin/../../lib/gcc/pic32mx/4.8.3/../../../../pic32mx/lib/micromips\libpic32.a(vector40.o)
                0x9d000341                __vector_dispatch_40
                0x00000001                ASSERT (((_vector_spacing == 0x0) || (SIZEOF (.vector_40) <= (_vector_spacing << 0x3))), function at exception vector 40 too large)

.vector_41      0x9d000348        0x8
 *(.vector_41)
 .vector_41     0x9d000348        0x8 c:/program files/microchip/xc32/v2.41/bin/bin/../../lib/gcc/pic32mx/4.8.3/../../../../pic32mx/lib/micromips\libpic32.a(vector41.o)
                0x9d000349                __vector_dispatch_41
                0x00000001                ASSERT (((_vector_spacing == 0x0) || (SIZEOF (.vector_41) <= (_vector_spacing << 0x3))), function at exception vector 41 too large)

.vector_42      0x9d000350        0x8
 *(.vector_42)
 .vector_42     0x9d000350        0x8 c:/program files/microchip/xc32/v2.41/bin/bin/../../lib/gcc/pic32mx/4.8.3/../../../../pic32mx/lib/micromips\libpic32.a(vector42.o)
                0x9d000351                __vector_dispatch_42
                0x00000001                ASSERT (((_vector_spacing == 0x0) || (SIZEOF (.vector_42) <= (_vector_spacing << 0x3))), function at exception vector 42 too large)

.vector_43      0x9d000358        0x8
 *(.vector_43)
 .vector_43     0x9d000358        0x8 c:/program files/microchip/xc32/v2.41/bin/bin/../../lib/gcc/pic32mx/4.8.3/../../../../pic32mx/lib/micromips\libpic32.a(vector43.o)
                0x9d000359                __vector_dispatch_43
                0x00000001                ASSERT (((_vector_spacing == 0x0) || (SIZEOF (.vector_43) <= (_vector_spacing << 0x3))), function at exception vector 43 too large)

.vector_44      0x9d000360        0x8
 *(.vector_44)
 .vector_44     0x9d000360        0x8 c:/program files/microchip/xc32/v2.41/bin/bin/../../lib/gcc/pic32mx/4.8.3/../../../../pic32mx/lib/micromips\libpic32.a(vector44.o)
                0x9d000361                __vector_dispatch_44
                0x00000001                ASSERT (((_vector_spacing == 0x0) || (SIZEOF (.vector_44) <= (_vector_spacing << 0x3))), function at exception vector 44 too large)

.vector_45      0x9d000368        0x8
 *(.vector_45)
 .vector_45     0x9d000368        0x8 c:/program files/microchip/xc32/v2.41/bin/bin/../../lib/gcc/pic32mx/4.8.3/../../../../pic32mx/lib/micromips\libpic32.a(vector45.o)
                0x9d000369                __vector_dispatch_45
                0x00000001                ASSERT (((_vector_spacing == 0x0) || (SIZEOF (.vector_45) <= (_vector_spacing << 0x3))), function at exception vector 45 too large)

.vector_46      0x9d000370        0x8
 *(.vector_46)
 .vector_46     0x9d000370        0x8 c:/program files/microchip/xc32/v2.41/bin/bin/../../lib/gcc/pic32mx/4.8.3/../../../../pic32mx/lib/micromips\libpic32.a(vector46.o)
                0x9d000371                __vector_dispatch_46
                0x00000001                ASSERT (((_vector_spacing == 0x0) || (SIZEOF (.vector_46) <= (_vector_spacing << 0x3))), function at exception vector 46 too large)

.vector_47      0x9d000378        0x8
 *(.vector_47)
 .vector_47     0x9d000378        0x8 c:/program files/microchip/xc32/v2.41/bin/bin/../../lib/gcc/pic32mx/4.8.3/../../../../pic32mx/lib/micromips\libpic32.a(vector47.o)
                0x9d000379                __vector_dispatch_47
                0x00000001                ASSERT (((_vector_spacing == 0x0) || (SIZEOF (.vector_47) <= (_vector_spacing << 0x3))), function at exception vector 47 too large)

.startup
 *(.startup)

.text           0x9d000380        0x0
 *(.stub .gnu.linkonce.t.*)
 *(.text.*personality*)
 *(.mips16.fn.*)
 *(.mips16.call.*)
 *(.gnu.warning)
                0x9d000380                . = ALIGN (0x4)

.init           0x9d000380        0x0
 *crti.o(.init)
 *crtbegin.o(.init)
 *(EXCLUDE_FILE(*crtn.o *crtend?.o *crtend.o) .init)
 *crtend.o(.init)
 *crtn.o(.init)
                0x9d000380                . = ALIGN (0x4)

.fini           0x9d000380        0x0
 *(.fini)
                0x9d000380                . = ALIGN (0x4)

.preinit_array  0x9d000380        0x0
                0x9d000380                PROVIDE (__preinit_array_start, .)
 *(.preinit_array)
                0x9d000380                PROVIDE (__preinit_array_end, .)
                0x9d000380                . = ALIGN (0x4)

.init_array     0x9d000380        0x0
                0x9d000380                PROVIDE (__init_array_start, .)
 *(SORT(.init_array.*))
 *(.init_array)
                0x9d000380                PROVIDE (__init_array_end, .)
                0x9d000380                . = ALIGN (0x4)

.fini_array     0x9d000380        0x0
                0x9d000380                PROVIDE (__fini_array_start, .)
 *(SORT(.fini_array.*))
 *(.fini_array)
                0x9d000380                PROVIDE (__fini_array_end, .)
                0x9d000380                . = ALIGN (0x4)

.ctors          0x9d000380        0x0
 *crtbegin.o(.ctors)
 *crtbegin?.o(.ctors)
 *(EXCLUDE_FILE(*crtend?.o *crtend.o) .ctors)
 *(SORT(.ctors.*))
 *(.ctors)
                0x9d000380                . = ALIGN (0x4)

.dtors          0x9d000380        0x0
 *crtbegin.o(.dtors)
 *crtbegin?.o(.dtors)
 *(EXCLUDE_FILE(*crtend?.o *crtend.o) .dtors)
 *(SORT(.dtors.*))
 *(.dtors)
                0x9d000380                . = ALIGN (0x4)

.rodata         0x9d000380        0x0
 *(.gnu.linkonce.r.*)
 *(.rodata1)
                0x9d000380                . = ALIGN (0x4)

.sdata2         0x9fc00490        0x0
 *(.sdata2 .sdata2.* .gnu.linkonce.s2.*)
                0x9fc00490                . = ALIGN (0x4)

.sbss2          0x9fc00490        0x0
 *(.sbss2 .sbss2.* .gnu.linkonce.sb2.*)
                0x9fc00490                . = ALIGN (0x4)

.eh_frame_hdr
 *(.eh_frame_hdr)
                0x9fc00490                . = ALIGN (0x4)

.eh_frame
 *(.eh_frame)
                0x9fc00490                . = ALIGN (0x4)

.gcc_except_table
 *(.gcc_except_table .gcc_except_table.*)
                0x9fc00490                . = ALIGN (0x4)

.dbg_data       0x80000000        0x0
                0x80000000                . = (. + DEFINED (_DEBUGGER)?0x200:0x0)

.jcr            0x80000000        0x0
 *(.jcr)
                0x80000000                . = ALIGN (0x4)

.eh_frame
 *(.eh_frame)
                0x80000000                . = ALIGN (0x4)

.gcc_except_table
 *(.gcc_except_table .gcc_except_table.*)
                0x80000000                . = ALIGN (0x4)

.persist        0x80000000        0x0
                0x80000000                _persist_begin = .
 *(.persist .persist.*)
                0x80000000                . = ALIGN (0x4)
                0x80000000                _persist_end = .

.data           0x80000000        0x0
 *(.gnu.linkonce.d.*)
 *(.data1)
                0x80000000                . = ALIGN (0x4)
                0x80000000                . = .
                0x80007ff0                _gp = (ALIGN (0x10) + 0x7ff0)

.got            0x80000000        0x0
 *(.got.plt)
 *(.got)
                0x80000000                . = ALIGN (0x4)

.sdata          0x80000000        0x0
                0x80000000                _sdata_begin = .
 *(.sdata .sdata.* .gnu.linkonce.s.*)
                0x80000000                . = ALIGN (0x4)
                0x80000000                _sdata_end = .

.lit8
 *(.lit8)

.lit4
 *(.lit4)
                0x80000000                . = ALIGN (0x4)
                0x80000000                _data_end = .
                0x80000000                _bss_begin = .

.sbss           0x80000000        0xc
                0x80000000                _sbss_begin = .
 *(.dynsbss)
 *(.sbss .sbss.* .gnu.linkonce.sb.*)
 .sbss          0x80000000        0x8 build/default/production/main.o
 .sbss          0x80000008        0x1 build/default/production/timer_1ms.o
 *(.scommon)
                0x80000009                _sbss_end = .
                0x8000000c                . = ALIGN (0x4)
 *fill*         0x80000009        0x3 

.bss            0x8000000c        0x0
 *(.dynbss)
 *(COMMON)
                0x8000000c                . = ALIGN ((. != 0x0)?0x4:0x1)
                0x8000000c                . = ALIGN (0x4)
                0x8000000c                _end = .
                0x8000000c                _bss_end = .
                0x00002000                _bmxdudba_address = 0x2000
                0x00002000                _bmxdupba_address = 0x2000

/DISCARD/
 *(.pdr)
 *(.rel.dyn)
 *(.note.GNU-stack)
 *(.note.GNU-stack)
 *(.gnu_debuglink)
 *(.gnu.lto_*)
 *(.discard)

.gptab.sdata
 *(.gptab.data)
 *(.gptab.sdata)

.gptab.sbss
 *(.gptab.bss)
 *(.gptab.sbss)

.mdebug.abi32   0x00000000        0x0
 *(.mdebug.abi32)
 .mdebug.abi32  0x00000000        0x0 build/default/production/leds_rgb.o
 .mdebug.abi32  0x00000000        0x0 build/default/production/main.o
 .mdebug.abi32  0x00000000        0x0 build/default/production/adc.o
 .mdebug.abi32  0x00000000        0x0 build/default/production/buttons.o
 .mdebug.abi32  0x00000000        0x0 build/default/production/leds.o
 .mdebug.abi32  0x00000000        0x0 build/default/production/system.o
 .mdebug.abi32  0x00000000        0x0 build/default/production/timer_1ms.o
 .mdebug.abi32  0x00000000        0x0 c:/program files/microchip/xc32/v2.41/bin/bin/../../lib/gcc/pic32mx/4.8.3/../../../../pic32mx/lib/micromips\libpic32.a(default-bootstrap-exception-handler.o)
 .mdebug.abi32  0x00000000        0x0 c:/program files/microchip/xc32/v2.41/bin/bin/../../lib/gcc/pic32mx/4.8.3/../../../../pic32mx/lib/micromips\libpic32.a(default-on-reset.o)
 .mdebug.abi32  0x00000000        0x0 c:/program files/microchip/xc32/v2.41/bin/bin/../../lib/gcc/pic32mx/4.8.3/../../../../pic32mx/lib/micromips\libpic32.a(default-on-bootstrap.o)
 .mdebug.abi32  0x00000000        0x0 c:/program files/microchip/xc32/v2.41/bin/bin/../../lib/gcc/pic32mx/4.8.3/../../../../pic32mx/lib/micromips\libpic32.a(default-general-exception-handler.o)
 .mdebug.abi32  0x00000000        0x0 c:/program files/microchip/xc32/v2.41/bin/bin/../../lib/gcc/pic32mx/4.8.3/../../../../pic32mx/lib/micromips\libpic32.a(defaultinterrupt.o)

.mdebug.abiN32
 *(.mdebug.abiN32)

.mdebug.abi64
 *(.mdebug.abi64)

.mdebug.abiO64
 *(.mdebug.abiO64)

.mdebug.eabi32
 *(.mdebug.eabi32)

.mdebug.eabi64
 *(.mdebug.eabi64)

.gcc_compiled_long32
 *(.gcc_compiled_long32)

.gcc_compiled_long64
 *(.gcc_compiled_long64)

.stab
 *(.stab)

.stabstr
 *(.stabstr)

.stab.excl
 *(.stab.excl)

.stab.exclstr
 *(.stab.exclstr)

.stab.index
 *(.stab.index)

.stab.indexstr
 *(.stab.indexstr)

.comment        0x00000000       0x54
 *(.comment)
 .comment       0x00000000       0x3c build/default/production/leds_rgb.o
                                 0x3d (size before relaxing)
 .comment       0x00000000       0x3d build/default/production/main.o
 .comment       0x00000000       0x3d build/default/production/adc.o
 .comment       0x00000000       0x3d build/default/production/buttons.o
 .comment       0x00000000       0x3d build/default/production/leds.o
 .comment       0x00000000       0x3d build/default/production/system.o
 .comment       0x00000000       0x3d build/default/production/timer_1ms.o
 .comment       0x0000003c       0x18 c:/program files/microchip/xc32/v2.41/bin/bin/../../lib/gcc/pic32mx/4.8.3/../../../../pic32mx/lib/micromips\libpic32.a(memset.o)
                                 0x19 (size before relaxing)
 .comment       0x00000000       0x3d c:/program files/microchip/xc32/v2.41/bin/bin/../../lib/gcc/pic32mx/4.8.3/../../../../pic32mx/lib/micromips\libpic32.a(default-bootstrap-exception-handler.o)
 .comment       0x00000000       0x3d c:/program files/microchip/xc32/v2.41/bin/bin/../../lib/gcc/pic32mx/4.8.3/../../../../pic32mx/lib/micromips\libpic32.a(default-on-reset.o)
 .comment       0x00000000       0x3d c:/program files/microchip/xc32/v2.41/bin/bin/../../lib/gcc/pic32mx/4.8.3/../../../../pic32mx/lib/micromips\libpic32.a(default-on-bootstrap.o)
 .comment       0x00000000       0x3d c:/program files/microchip/xc32/v2.41/bin/bin/../../lib/gcc/pic32mx/4.8.3/../../../../pic32mx/lib/micromips\libpic32.a(default-general-exception-handler.o)
 .comment       0x00000000       0x3d c:/program files/microchip/xc32/v2.41/bin/bin/../../lib/gcc/pic32mx/4.8.3/../../../../pic32mx/lib/micromips\libpic32.a(defaultinterrupt.o)

.debug
 *.elf(.debug)
 *(.debug)

.line
 *.elf(.line)
 *(.line)

.debug_srcinfo
 *.elf(.debug_srcinfo)
 *(.debug_srcinfo)

.debug_sfnames
 *.elf(.debug_sfnames)
 *(.debug_sfnames)

.debug_aranges  0x00000000      0x1a0
 *.elf(.debug_aranges)
 *(.debug_aranges)
 .debug_aranges
                0x00000000       0x20 build/default/production/leds_rgb.o
 .debug_aranges
                0x00000020       0x20 build/default/production/main.o
 .debug_aranges
                0x00000040       0x20 build/default/production/adc.o
 .debug_aranges
                0x00000060       0x20 build/default/production/buttons.o
 .debug_aranges
                0x00000080       0x20 build/default/production/leds.o
 .debug_aranges
                0x000000a0       0x20 build/default/production/system.o
 .debug_aranges
                0x000000c0       0x20 build/default/production/timer_1ms.o
 .debug_aranges
                0x000000e0       0x20 c:/program files/microchip/xc32/v2.41/bin/bin/../../lib/gcc/pic32mx/4.8.3/../../../../pic32mx/lib/micromips\pic32_software_reset-mm.o
 .debug_aranges
                0x00000100       0x20 c:/program files/microchip/xc32/v2.41/bin/bin/../../lib/gcc/pic32mx/4.8.3/../../../../pic32mx/lib/micromips\libpic32.a(default-bootstrap-exception-handler.o)
 .debug_aranges
                0x00000120       0x20 c:/program files/microchip/xc32/v2.41/bin/bin/../../lib/gcc/pic32mx/4.8.3/../../../../pic32mx/lib/micromips\libpic32.a(default-on-reset.o)
 .debug_aranges
                0x00000140       0x20 c:/program files/microchip/xc32/v2.41/bin/bin/../../lib/gcc/pic32mx/4.8.3/../../../../pic32mx/lib/micromips\libpic32.a(default-on-bootstrap.o)
 .debug_aranges
                0x00000160       0x20 c:/program files/microchip/xc32/v2.41/bin/bin/../../lib/gcc/pic32mx/4.8.3/../../../../pic32mx/lib/micromips\libpic32.a(default-general-exception-handler.o)
 .debug_aranges
                0x00000180       0x20 c:/program files/microchip/xc32/v2.41/bin/bin/../../lib/gcc/pic32mx/4.8.3/../../../../pic32mx/lib/micromips\libpic32.a(defaultinterrupt.o)

.debug_pubnames
 *.elf(.debug_pubnames)
 *(.debug_pubnames)

.debug_info     0x00000000     0x35ff
 *.elf(.debug_info .gnu.linkonce.wi.*)
 *(.debug_info .gnu.linkonce.wi.*)
 .debug_info    0x00000000      0xee5 build/default/production/leds_rgb.o
 .debug_info    0x00000ee5      0x3ba build/default/production/main.o
 .debug_info    0x0000129f      0x630 build/default/production/adc.o
 .debug_info    0x000018cf      0x5d6 build/default/production/buttons.o
 .debug_info    0x00001ea5      0x880 build/default/production/leds.o
 .debug_info    0x00002725      0x243 build/default/production/system.o
 .debug_info    0x00002968      0x722 build/default/production/timer_1ms.o
 .debug_info    0x0000308a      0x108 c:/program files/microchip/xc32/v2.41/bin/bin/../../lib/gcc/pic32mx/4.8.3/../../../../pic32mx/lib/micromips\pic32_software_reset-mm.o
 .debug_info    0x00003192       0xf4 c:/program files/microchip/xc32/v2.41/bin/bin/../../lib/gcc/pic32mx/4.8.3/../../../../pic32mx/lib/micromips\libpic32.a(default-bootstrap-exception-handler.o)
 .debug_info    0x00003286       0xcd c:/program files/microchip/xc32/v2.41/bin/bin/../../lib/gcc/pic32mx/4.8.3/../../../../pic32mx/lib/micromips\libpic32.a(default-on-reset.o)
 .debug_info    0x00003353       0xd5 c:/program files/microchip/xc32/v2.41/bin/bin/../../lib/gcc/pic32mx/4.8.3/../../../../pic32mx/lib/micromips\libpic32.a(default-on-bootstrap.o)
 .debug_info    0x00003428       0xf0 c:/program files/microchip/xc32/v2.41/bin/bin/../../lib/gcc/pic32mx/4.8.3/../../../../pic32mx/lib/micromips\libpic32.a(default-general-exception-handler.o)
 .debug_info    0x00003518       0xe7 c:/program files/microchip/xc32/v2.41/bin/bin/../../lib/gcc/pic32mx/4.8.3/../../../../pic32mx/lib/micromips\libpic32.a(defaultinterrupt.o)

.debug_abbrev   0x00000000      0x7ba
 *.elf(.debug_abbrev)
 *(.debug_abbrev)
 .debug_abbrev  0x00000000      0x187 build/default/production/leds_rgb.o
 .debug_abbrev  0x00000187       0xa2 build/default/production/main.o
 .debug_abbrev  0x00000229      0x102 build/default/production/adc.o
 .debug_abbrev  0x0000032b       0xd1 build/default/production/buttons.o
 .debug_abbrev  0x000003fc       0xd1 build/default/production/leds.o
 .debug_abbrev  0x000004cd       0x8e build/default/production/system.o
 .debug_abbrev  0x0000055b      0x183 build/default/production/timer_1ms.o
 .debug_abbrev  0x000006de       0x14 c:/program files/microchip/xc32/v2.41/bin/bin/../../lib/gcc/pic32mx/4.8.3/../../../../pic32mx/lib/micromips\pic32_software_reset-mm.o
 .debug_abbrev  0x000006f2       0x28 c:/program files/microchip/xc32/v2.41/bin/bin/../../lib/gcc/pic32mx/4.8.3/../../../../pic32mx/lib/micromips\libpic32.a(default-bootstrap-exception-handler.o)
 .debug_abbrev  0x0000071a       0x28 c:/program files/microchip/xc32/v2.41/bin/bin/../../lib/gcc/pic32mx/4.8.3/../../../../pic32mx/lib/micromips\libpic32.a(default-on-reset.o)
 .debug_abbrev  0x00000742       0x28 c:/program files/microchip/xc32/v2.41/bin/bin/../../lib/gcc/pic32mx/4.8.3/../../../../pic32mx/lib/micromips\libpic32.a(default-on-bootstrap.o)
 .debug_abbrev  0x0000076a       0x28 c:/program files/microchip/xc32/v2.41/bin/bin/../../lib/gcc/pic32mx/4.8.3/../../../../pic32mx/lib/micromips\libpic32.a(default-general-exception-handler.o)
 .debug_abbrev  0x00000792       0x28 c:/program files/microchip/xc32/v2.41/bin/bin/../../lib/gcc/pic32mx/4.8.3/../../../../pic32mx/lib/micromips\libpic32.a(defaultinterrupt.o)

.debug_line     0x00000000      0xe3e
 *.elf(.debug_line)
 *(.debug_line)
 .debug_line    0x00000000      0x19b build/default/production/leds_rgb.o
 .debug_line    0x0000019b      0x142 build/default/production/main.o
 .debug_line    0x000002dd      0x180 build/default/production/adc.o
 .debug_line    0x0000045d      0x16b build/default/production/buttons.o
 .debug_line    0x000005c8      0x1b5 build/default/production/leds.o
 .debug_line    0x0000077d      0x14a build/default/production/system.o
 .debug_line    0x000008c7      0x1a8 build/default/production/timer_1ms.o
 .debug_line    0x00000a6f       0xb6 c:/program files/microchip/xc32/v2.41/bin/bin/../../lib/gcc/pic32mx/4.8.3/../../../../pic32mx/lib/micromips\pic32_software_reset-mm.o
 .debug_line    0x00000b25       0xa6 c:/program files/microchip/xc32/v2.41/bin/bin/../../lib/gcc/pic32mx/4.8.3/../../../../pic32mx/lib/micromips\libpic32.a(default-bootstrap-exception-handler.o)
 .debug_line    0x00000bcb       0x93 c:/program files/microchip/xc32/v2.41/bin/bin/../../lib/gcc/pic32mx/4.8.3/../../../../pic32mx/lib/micromips\libpic32.a(default-on-reset.o)
 .debug_line    0x00000c5e       0x97 c:/program files/microchip/xc32/v2.41/bin/bin/../../lib/gcc/pic32mx/4.8.3/../../../../pic32mx/lib/micromips\libpic32.a(default-on-bootstrap.o)
 .debug_line    0x00000cf5       0xa4 c:/program files/microchip/xc32/v2.41/bin/bin/../../lib/gcc/pic32mx/4.8.3/../../../../pic32mx/lib/micromips\libpic32.a(default-general-exception-handler.o)
 .debug_line    0x00000d99       0xa5 c:/program files/microchip/xc32/v2.41/bin/bin/../../lib/gcc/pic32mx/4.8.3/../../../../pic32mx/lib/micromips\libpic32.a(defaultinterrupt.o)

.debug_frame    0x00000000      0x468
 *.elf(.debug_frame)
 *(.debug_frame)
 .debug_frame   0x00000000       0xb8 build/default/production/leds_rgb.o
 .debug_frame   0x000000b8       0x70 build/default/production/main.o
 .debug_frame   0x00000128       0x94 build/default/production/adc.o
 .debug_frame   0x000001bc       0x50 build/default/production/buttons.o
 .debug_frame   0x0000020c       0xb4 build/default/production/leds.o
 .debug_frame   0x000002c0       0x30 build/default/production/system.o
 .debug_frame   0x000002f0       0xc0 build/default/production/timer_1ms.o
 .debug_frame   0x000003b0       0x2c c:/program files/microchip/xc32/v2.41/bin/bin/../../lib/gcc/pic32mx/4.8.3/../../../../pic32mx/lib/micromips\libpic32.a(default-bootstrap-exception-handler.o)
 .debug_frame   0x000003dc       0x20 c:/program files/microchip/xc32/v2.41/bin/bin/../../lib/gcc/pic32mx/4.8.3/../../../../pic32mx/lib/micromips\libpic32.a(default-on-reset.o)
 .debug_frame   0x000003fc       0x20 c:/program files/microchip/xc32/v2.41/bin/bin/../../lib/gcc/pic32mx/4.8.3/../../../../pic32mx/lib/micromips\libpic32.a(default-on-bootstrap.o)
 .debug_frame   0x0000041c       0x2c c:/program files/microchip/xc32/v2.41/bin/bin/../../lib/gcc/pic32mx/4.8.3/../../../../pic32mx/lib/micromips\libpic32.a(default-general-exception-handler.o)
 .debug_frame   0x00000448       0x20 c:/program files/microchip/xc32/v2.41/bin/bin/../../lib/gcc/pic32mx/4.8.3/../../../../pic32mx/lib/micromips\libpic32.a(defaultinterrupt.o)

.debug_str      0x00000000       0x97
 *.elf(.debug_str)
 *(.debug_str)
 .debug_str     0x00000000       0x88 build/default/production/leds_rgb.o
 .debug_str     0x00000088        0x0 build/default/production/main.o
 .debug_str     0x00000088        0x8 build/default/production/adc.o
 .debug_str     0x00000090        0x0 build/default/production/buttons.o
 .debug_str     0x00000090        0x0 build/default/production/leds.o
 .debug_str     0x00000090        0x0 build/default/production/system.o
 .debug_str     0x00000090        0x7 build/default/production/timer_1ms.o
 .debug_str     0x00000097        0x0 c:/program files/microchip/xc32/v2.41/bin/bin/../../lib/gcc/pic32mx/4.8.3/../../../../pic32mx/lib/micromips\libpic32.a(default-bootstrap-exception-handler.o)
 .debug_str     0x00000097        0x0 c:/program files/microchip/xc32/v2.41/bin/bin/../../lib/gcc/pic32mx/4.8.3/../../../../pic32mx/lib/micromips\libpic32.a(default-on-reset.o)
 .debug_str     0x00000097        0x0 c:/program files/microchip/xc32/v2.41/bin/bin/../../lib/gcc/pic32mx/4.8.3/../../../../pic32mx/lib/micromips\libpic32.a(default-on-bootstrap.o)
 .debug_str     0x00000097        0x0 c:/program files/microchip/xc32/v2.41/bin/bin/../../lib/gcc/pic32mx/4.8.3/../../../../pic32mx/lib/micromips\libpic32.a(default-general-exception-handler.o)
 .debug_str     0x00000097        0x0 c:/program files/microchip/xc32/v2.41/bin/bin/../../lib/gcc/pic32mx/4.8.3/../../../../pic32mx/lib/micromips\libpic32.a(defaultinterrupt.o)

.debug_loc      0x00000000       0x58
 *.elf(.debug_loc)
 *(.debug_loc)
 .debug_loc     0x00000000       0x2c c:/program files/microchip/xc32/v2.41/bin/bin/../../lib/gcc/pic32mx/4.8.3/../../../../pic32mx/lib/micromips\libpic32.a(default-bootstrap-exception-handler.o)
 .debug_loc     0x0000002c       0x2c c:/program files/microchip/xc32/v2.41/bin/bin/../../lib/gcc/pic32mx/4.8.3/../../../../pic32mx/lib/micromips\libpic32.a(default-general-exception-handler.o)

.debug_macinfo
 *.elf(.debug_macinfo)
 *(.debug_macinfo)

.debug_weaknames
 *.elf(.debug_weaknames)
 *(.debug_weaknames)

.debug_funcnames
 *.elf(.debug_funcnames)
 *(.debug_funcnames)

.debug_typenames
 *.elf(.debug_typenames)
 *(.debug_typenames)

.debug_varnames
 *.elf(.debug_varnames)
 *(.debug_varnames)

.debug_pubtypes
 *.elf(.debug_pubtypes)
 *(.debug_pubtypes)

.debug_ranges   0x00000000       0x50
 *.elf(.debug_ranges)
 *(.debug_ranges)
 .debug_ranges  0x00000000       0x10 c:/program files/microchip/xc32/v2.41/bin/bin/../../lib/gcc/pic32mx/4.8.3/../../../../pic32mx/lib/micromips\libpic32.a(default-bootstrap-exception-handler.o)
 .debug_ranges  0x00000010       0x10 c:/program files/microchip/xc32/v2.41/bin/bin/../../lib/gcc/pic32mx/4.8.3/../../../../pic32mx/lib/micromips\libpic32.a(default-on-reset.o)
 .debug_ranges  0x00000020       0x10 c:/program files/microchip/xc32/v2.41/bin/bin/../../lib/gcc/pic32mx/4.8.3/../../../../pic32mx/lib/micromips\libpic32.a(default-on-bootstrap.o)
 .debug_ranges  0x00000030       0x10 c:/program files/microchip/xc32/v2.41/bin/bin/../../lib/gcc/pic32mx/4.8.3/../../../../pic32mx/lib/micromips\libpic32.a(default-general-exception-handler.o)
 .debug_ranges  0x00000040       0x10 c:/program files/microchip/xc32/v2.41/bin/bin/../../lib/gcc/pic32mx/4.8.3/../../../../pic32mx/lib/micromips\libpic32.a(defaultinterrupt.o)

.gnu.attributes
                0x00000000       0x10
 *(.gnu.attributes)
 .gnu.attributes
                0x00000000       0x10 build/default/production/leds_rgb.o
 .gnu.attributes
                0x00000010       0x10 build/default/production/main.o
 .gnu.attributes
                0x00000020       0x10 build/default/production/adc.o
 .gnu.attributes
                0x00000030       0x10 build/default/production/buttons.o
 .gnu.attributes
                0x00000040       0x10 build/default/production/leds.o
 .gnu.attributes
                0x00000050       0x10 build/default/production/system.o
 .gnu.attributes
                0x00000060       0x10 build/default/production/timer_1ms.o
 .gnu.attributes
                0x00000070       0x10 c:/program files/microchip/xc32/v2.41/bin/bin/../../lib/gcc/pic32mx/4.8.3/../../../../pic32mx/lib/micromips\libpic32.a(default-bootstrap-exception-handler.o)
 .gnu.attributes
                0x00000080       0x10 c:/program files/microchip/xc32/v2.41/bin/bin/../../lib/gcc/pic32mx/4.8.3/../../../../pic32mx/lib/micromips\libpic32.a(default-on-reset.o)
 .gnu.attributes
                0x00000090       0x10 c:/program files/microchip/xc32/v2.41/bin/bin/../../lib/gcc/pic32mx/4.8.3/../../../../pic32mx/lib/micromips\libpic32.a(default-on-bootstrap.o)
 .gnu.attributes
                0x000000a0       0x10 c:/program files/microchip/xc32/v2.41/bin/bin/../../lib/gcc/pic32mx/4.8.3/../../../../pic32mx/lib/micromips\libpic32.a(default-general-exception-handler.o)
 .gnu.attributes
                0x000000b0       0x10 c:/program files/microchip/xc32/v2.41/bin/bin/../../lib/gcc/pic32mx/4.8.3/../../../../pic32mx/lib/micromips\libpic32.a(defaultinterrupt.o)
LOAD c:/program files/microchip/xc32/v2.41/bin/bin/../../lib/gcc/pic32mx/4.8.3/micromips\libgcc.a
START GROUP
LOAD c:/program files/microchip/xc32/v2.41/bin/bin/../../lib/gcc/pic32mx/4.8.3/../../../../pic32mx/lib/micromips\libpic32.a
LOAD c:/program files/microchip/xc32/v2.41/bin/bin/../../lib/gcc/pic32mx/4.8.3/../../../../pic32mx/lib/micromips\libdebug.a
LOAD c:/program files/microchip/xc32/v2.41/bin/bin/../../lib/gcc/pic32mx/4.8.3/../../../../pic32mx/lib/micromips\libpic32.a
LOAD c:/program files/microchip/xc32/v2.41/bin/bin/../../lib/gcc/pic32mx/4.8.3/../../../../pic32mx/lib/micromips\liblega-c.a
LOAD c:/program files/microchip/xc32/v2.41/bin/bin/../../lib/gcc/pic32mx/4.8.3/../../../../pic32mx/lib/micromips\libm.a
LOAD c:/program files/microchip/xc32/v2.41/bin/bin/../../lib/gcc/pic32mx/4.8.3/../../../../pic32mx/lib/micromips\libe.a
LOAD c:/program files/microchip/xc32/v2.41/bin/bin/../../lib/gcc/pic32mx/4.8.3/../../../../pic32mx/lib/micromips\libdsp.a
LOAD c:/program files/microchip/xc32/v2.41/bin/bin/../../lib/gcc/pic32mx/4.8.3/micromips\libgcc.a
LOAD c:/program files/microchip/xc32/v2.41/bin/bin/../../lib/gcc/pic32mx/4.8.3/../../../../pic32mx/lib/micromips\libpic32.a
END GROUP
LOAD c:/program files/microchip/xc32/v2.41/bin/bin/../../lib/gcc/pic32mx/4.8.3/micromips\libgcc.a
OUTPUT(dist/default/production/pic32mm_curiosity_demo.X.production.elf elf32-tradlittlemips)
LOAD stack
LOAD data_init

.reginfo        0x00000000       0x18
 .reginfo       0x00000000       0x18 c:/program files/microchip/xc32/v2.41/bin/bin/../../lib/gcc/pic32mx/4.8.3/../../../../pic32mx/lib/micromips\debug-exception-return-mm.o

.stack          0x800000b0      0x400
 .stack         0x800000b0      0x400 stack

.bss            0x8000000c       0x78
 .bss           0x8000000c       0x78 build/default/production/timer_1ms.o

.bss%z1         0x00000000        0x0
 .bss           0x00000000        0x0 c:/program files/microchip/xc32/v2.41/bin/bin/../../lib/gcc/pic32mx/4.8.3/../../../../pic32mx/lib/micromips\libpic32.a(defaultinterrupt.o)

.data%z2        0x00000000        0x0
 .data          0x00000000        0x0 c:/program files/microchip/xc32/v2.41/bin/bin/../../lib/gcc/pic32mx/4.8.3/../../../../pic32mx/lib/micromips\libpic32.a(defaultinterrupt.o)

.bss%z3         0x00000000        0x0
 .bss           0x00000000        0x0 c:/program files/microchip/xc32/v2.41/bin/bin/../../lib/gcc/pic32mx/4.8.3/../../../../pic32mx/lib/micromips\libpic32.a(default-general-exception-handler.o)

.data%z4        0x00000000        0x0
 .data          0x00000000        0x0 c:/program files/microchip/xc32/v2.41/bin/bin/../../lib/gcc/pic32mx/4.8.3/../../../../pic32mx/lib/micromips\libpic32.a(default-general-exception-handler.o)

.bss%z5         0x00000000        0x0
 .bss           0x00000000        0x0 c:/program files/microchip/xc32/v2.41/bin/bin/../../lib/gcc/pic32mx/4.8.3/../../../../pic32mx/lib/micromips\libpic32.a(vector47.o)

.data%z6        0x00000000        0x0
 .data          0x00000000        0x0 c:/program files/microchip/xc32/v2.41/bin/bin/../../lib/gcc/pic32mx/4.8.3/../../../../pic32mx/lib/micromips\libpic32.a(vector47.o)

.bss%z7         0x00000000        0x0
 .bss           0x00000000        0x0 c:/program files/microchip/xc32/v2.41/bin/bin/../../lib/gcc/pic32mx/4.8.3/../../../../pic32mx/lib/micromips\libpic32.a(vector46.o)

.data%z8        0x00000000        0x0
 .data          0x00000000        0x0 c:/program files/microchip/xc32/v2.41/bin/bin/../../lib/gcc/pic32mx/4.8.3/../../../../pic32mx/lib/micromips\libpic32.a(vector46.o)

.bss%z9         0x00000000        0x0
 .bss           0x00000000        0x0 c:/program files/microchip/xc32/v2.41/bin/bin/../../lib/gcc/pic32mx/4.8.3/../../../../pic32mx/lib/micromips\libpic32.a(vector45.o)

.data%z10       0x00000000        0x0
 .data          0x00000000        0x0 c:/program files/microchip/xc32/v2.41/bin/bin/../../lib/gcc/pic32mx/4.8.3/../../../../pic32mx/lib/micromips\libpic32.a(vector45.o)

.bss%z11        0x00000000        0x0
 .bss           0x00000000        0x0 c:/program files/microchip/xc32/v2.41/bin/bin/../../lib/gcc/pic32mx/4.8.3/../../../../pic32mx/lib/micromips\libpic32.a(vector44.o)

.data%z12       0x00000000        0x0
 .data          0x00000000        0x0 c:/program files/microchip/xc32/v2.41/bin/bin/../../lib/gcc/pic32mx/4.8.3/../../../../pic32mx/lib/micromips\libpic32.a(vector44.o)

.bss%z13        0x00000000        0x0
 .bss           0x00000000        0x0 c:/program files/microchip/xc32/v2.41/bin/bin/../../lib/gcc/pic32mx/4.8.3/../../../../pic32mx/lib/micromips\libpic32.a(vector43.o)

.data%z14       0x00000000        0x0
 .data          0x00000000        0x0 c:/program files/microchip/xc32/v2.41/bin/bin/../../lib/gcc/pic32mx/4.8.3/../../../../pic32mx/lib/micromips\libpic32.a(vector43.o)

.bss%z15        0x00000000        0x0
 .bss           0x00000000        0x0 c:/program files/microchip/xc32/v2.41/bin/bin/../../lib/gcc/pic32mx/4.8.3/../../../../pic32mx/lib/micromips\libpic32.a(vector42.o)

.data%z16       0x00000000        0x0
 .data          0x00000000        0x0 c:/program files/microchip/xc32/v2.41/bin/bin/../../lib/gcc/pic32mx/4.8.3/../../../../pic32mx/lib/micromips\libpic32.a(vector42.o)

.bss%z17        0x00000000        0x0
 .bss           0x00000000        0x0 c:/program files/microchip/xc32/v2.41/bin/bin/../../lib/gcc/pic32mx/4.8.3/../../../../pic32mx/lib/micromips\libpic32.a(vector41.o)

.data%z18       0x00000000        0x0
 .data          0x00000000        0x0 c:/program files/microchip/xc32/v2.41/bin/bin/../../lib/gcc/pic32mx/4.8.3/../../../../pic32mx/lib/micromips\libpic32.a(vector41.o)

.bss%z19        0x00000000        0x0
 .bss           0x00000000        0x0 c:/program files/microchip/xc32/v2.41/bin/bin/../../lib/gcc/pic32mx/4.8.3/../../../../pic32mx/lib/micromips\libpic32.a(vector40.o)

.data%z20       0x00000000        0x0
 .data          0x00000000        0x0 c:/program files/microchip/xc32/v2.41/bin/bin/../../lib/gcc/pic32mx/4.8.3/../../../../pic32mx/lib/micromips\libpic32.a(vector40.o)

.bss%z21        0x00000000        0x0
 .bss           0x00000000        0x0 c:/program files/microchip/xc32/v2.41/bin/bin/../../lib/gcc/pic32mx/4.8.3/../../../../pic32mx/lib/micromips\libpic32.a(vector39.o)

.data%z22       0x00000000        0x0
 .data          0x00000000        0x0 c:/program files/microchip/xc32/v2.41/bin/bin/../../lib/gcc/pic32mx/4.8.3/../../../../pic32mx/lib/micromips\libpic32.a(vector39.o)

.bss%z23        0x00000000        0x0
 .bss           0x00000000        0x0 c:/program files/microchip/xc32/v2.41/bin/bin/../../lib/gcc/pic32mx/4.8.3/../../../../pic32mx/lib/micromips\libpic32.a(vector38.o)

.data%z24       0x00000000        0x0
 .data          0x00000000        0x0 c:/program files/microchip/xc32/v2.41/bin/bin/../../lib/gcc/pic32mx/4.8.3/../../../../pic32mx/lib/micromips\libpic32.a(vector38.o)

.bss%z25        0x00000000        0x0
 .bss           0x00000000        0x0 c:/program files/microchip/xc32/v2.41/bin/bin/../../lib/gcc/pic32mx/4.8.3/../../../../pic32mx/lib/micromips\libpic32.a(vector37.o)

.data%z26       0x00000000        0x0
 .data          0x00000000        0x0 c:/program files/microchip/xc32/v2.41/bin/bin/../../lib/gcc/pic32mx/4.8.3/../../../../pic32mx/lib/micromips\libpic32.a(vector37.o)

.bss%z27        0x00000000        0x0
 .bss           0x00000000        0x0 c:/program files/microchip/xc32/v2.41/bin/bin/../../lib/gcc/pic32mx/4.8.3/../../../../pic32mx/lib/micromips\libpic32.a(vector36.o)

.data%z28       0x00000000        0x0
 .data          0x00000000        0x0 c:/program files/microchip/xc32/v2.41/bin/bin/../../lib/gcc/pic32mx/4.8.3/../../../../pic32mx/lib/micromips\libpic32.a(vector36.o)

.bss%z29        0x00000000        0x0
 .bss           0x00000000        0x0 c:/program files/microchip/xc32/v2.41/bin/bin/../../lib/gcc/pic32mx/4.8.3/../../../../pic32mx/lib/micromips\libpic32.a(vector35.o)

.data%z30       0x00000000        0x0
 .data          0x00000000        0x0 c:/program files/microchip/xc32/v2.41/bin/bin/../../lib/gcc/pic32mx/4.8.3/../../../../pic32mx/lib/micromips\libpic32.a(vector35.o)

.bss%z31        0x00000000        0x0
 .bss           0x00000000        0x0 c:/program files/microchip/xc32/v2.41/bin/bin/../../lib/gcc/pic32mx/4.8.3/../../../../pic32mx/lib/micromips\libpic32.a(vector34.o)

.data%z32       0x00000000        0x0
 .data          0x00000000        0x0 c:/program files/microchip/xc32/v2.41/bin/bin/../../lib/gcc/pic32mx/4.8.3/../../../../pic32mx/lib/micromips\libpic32.a(vector34.o)

.bss%z33        0x00000000        0x0
 .bss           0x00000000        0x0 c:/program files/microchip/xc32/v2.41/bin/bin/../../lib/gcc/pic32mx/4.8.3/../../../../pic32mx/lib/micromips\libpic32.a(vector33.o)

.data%z34       0x00000000        0x0
 .data          0x00000000        0x0 c:/program files/microchip/xc32/v2.41/bin/bin/../../lib/gcc/pic32mx/4.8.3/../../../../pic32mx/lib/micromips\libpic32.a(vector33.o)

.bss%z35        0x00000000        0x0
 .bss           0x00000000        0x0 c:/program files/microchip/xc32/v2.41/bin/bin/../../lib/gcc/pic32mx/4.8.3/../../../../pic32mx/lib/micromips\libpic32.a(vector32.o)

.data%z36       0x00000000        0x0
 .data          0x00000000        0x0 c:/program files/microchip/xc32/v2.41/bin/bin/../../lib/gcc/pic32mx/4.8.3/../../../../pic32mx/lib/micromips\libpic32.a(vector32.o)

.bss%z37        0x00000000        0x0
 .bss           0x00000000        0x0 c:/program files/microchip/xc32/v2.41/bin/bin/../../lib/gcc/pic32mx/4.8.3/../../../../pic32mx/lib/micromips\libpic32.a(vector31.o)

.data%z38       0x00000000        0x0
 .data          0x00000000        0x0 c:/program files/microchip/xc32/v2.41/bin/bin/../../lib/gcc/pic32mx/4.8.3/../../../../pic32mx/lib/micromips\libpic32.a(vector31.o)

.bss%z39        0x00000000        0x0
 .bss           0x00000000        0x0 c:/program files/microchip/xc32/v2.41/bin/bin/../../lib/gcc/pic32mx/4.8.3/../../../../pic32mx/lib/micromips\libpic32.a(vector30.o)

.data%z40       0x00000000        0x0
 .data          0x00000000        0x0 c:/program files/microchip/xc32/v2.41/bin/bin/../../lib/gcc/pic32mx/4.8.3/../../../../pic32mx/lib/micromips\libpic32.a(vector30.o)

.bss%z41        0x00000000        0x0
 .bss           0x00000000        0x0 c:/program files/microchip/xc32/v2.41/bin/bin/../../lib/gcc/pic32mx/4.8.3/../../../../pic32mx/lib/micromips\libpic32.a(vector29.o)

.data%z42       0x00000000        0x0
 .data          0x00000000        0x0 c:/program files/microchip/xc32/v2.41/bin/bin/../../lib/gcc/pic32mx/4.8.3/../../../../pic32mx/lib/micromips\libpic32.a(vector29.o)

.bss%z43        0x00000000        0x0
 .bss           0x00000000        0x0 c:/program files/microchip/xc32/v2.41/bin/bin/../../lib/gcc/pic32mx/4.8.3/../../../../pic32mx/lib/micromips\libpic32.a(vector28.o)

.data%z44       0x00000000        0x0
 .data          0x00000000        0x0 c:/program files/microchip/xc32/v2.41/bin/bin/../../lib/gcc/pic32mx/4.8.3/../../../../pic32mx/lib/micromips\libpic32.a(vector28.o)

.bss%z45        0x00000000        0x0
 .bss           0x00000000        0x0 c:/program files/microchip/xc32/v2.41/bin/bin/../../lib/gcc/pic32mx/4.8.3/../../../../pic32mx/lib/micromips\libpic32.a(vector27.o)

.data%z46       0x00000000        0x0
 .data          0x00000000        0x0 c:/program files/microchip/xc32/v2.41/bin/bin/../../lib/gcc/pic32mx/4.8.3/../../../../pic32mx/lib/micromips\libpic32.a(vector27.o)

.bss%z47        0x00000000        0x0
 .bss           0x00000000        0x0 c:/program files/microchip/xc32/v2.41/bin/bin/../../lib/gcc/pic32mx/4.8.3/../../../../pic32mx/lib/micromips\libpic32.a(vector26.o)

.data%z48       0x00000000        0x0
 .data          0x00000000        0x0 c:/program files/microchip/xc32/v2.41/bin/bin/../../lib/gcc/pic32mx/4.8.3/../../../../pic32mx/lib/micromips\libpic32.a(vector26.o)

.bss%z49        0x00000000        0x0
 .bss           0x00000000        0x0 c:/program files/microchip/xc32/v2.41/bin/bin/../../lib/gcc/pic32mx/4.8.3/../../../../pic32mx/lib/micromips\libpic32.a(vector25.o)

.data%z50       0x00000000        0x0
 .data          0x00000000        0x0 c:/program files/microchip/xc32/v2.41/bin/bin/../../lib/gcc/pic32mx/4.8.3/../../../../pic32mx/lib/micromips\libpic32.a(vector25.o)

.bss%z51        0x00000000        0x0
 .bss           0x00000000        0x0 c:/program files/microchip/xc32/v2.41/bin/bin/../../lib/gcc/pic32mx/4.8.3/../../../../pic32mx/lib/micromips\libpic32.a(vector24.o)

.data%z52       0x00000000        0x0
 .data          0x00000000        0x0 c:/program files/microchip/xc32/v2.41/bin/bin/../../lib/gcc/pic32mx/4.8.3/../../../../pic32mx/lib/micromips\libpic32.a(vector24.o)

.bss%z53        0x00000000        0x0
 .bss           0x00000000        0x0 c:/program files/microchip/xc32/v2.41/bin/bin/../../lib/gcc/pic32mx/4.8.3/../../../../pic32mx/lib/micromips\libpic32.a(vector23.o)

.data%z54       0x00000000        0x0
 .data          0x00000000        0x0 c:/program files/microchip/xc32/v2.41/bin/bin/../../lib/gcc/pic32mx/4.8.3/../../../../pic32mx/lib/micromips\libpic32.a(vector23.o)

.bss%z55        0x00000000        0x0
 .bss           0x00000000        0x0 c:/program files/microchip/xc32/v2.41/bin/bin/../../lib/gcc/pic32mx/4.8.3/../../../../pic32mx/lib/micromips\libpic32.a(vector22.o)

.data%z56       0x00000000        0x0
 .data          0x00000000        0x0 c:/program files/microchip/xc32/v2.41/bin/bin/../../lib/gcc/pic32mx/4.8.3/../../../../pic32mx/lib/micromips\libpic32.a(vector22.o)

.bss%z57        0x00000000        0x0
 .bss           0x00000000        0x0 c:/program files/microchip/xc32/v2.41/bin/bin/../../lib/gcc/pic32mx/4.8.3/../../../../pic32mx/lib/micromips\libpic32.a(vector21.o)

.data%z58       0x00000000        0x0
 .data          0x00000000        0x0 c:/program files/microchip/xc32/v2.41/bin/bin/../../lib/gcc/pic32mx/4.8.3/../../../../pic32mx/lib/micromips\libpic32.a(vector21.o)

.bss%z59        0x00000000        0x0
 .bss           0x00000000        0x0 c:/program files/microchip/xc32/v2.41/bin/bin/../../lib/gcc/pic32mx/4.8.3/../../../../pic32mx/lib/micromips\libpic32.a(vector20.o)

.data%z60       0x00000000        0x0
 .data          0x00000000        0x0 c:/program files/microchip/xc32/v2.41/bin/bin/../../lib/gcc/pic32mx/4.8.3/../../../../pic32mx/lib/micromips\libpic32.a(vector20.o)

.bss%z61        0x00000000        0x0
 .bss           0x00000000        0x0 c:/program files/microchip/xc32/v2.41/bin/bin/../../lib/gcc/pic32mx/4.8.3/../../../../pic32mx/lib/micromips\libpic32.a(vector19.o)

.data%z62       0x00000000        0x0
 .data          0x00000000        0x0 c:/program files/microchip/xc32/v2.41/bin/bin/../../lib/gcc/pic32mx/4.8.3/../../../../pic32mx/lib/micromips\libpic32.a(vector19.o)

.bss%z63        0x00000000        0x0
 .bss           0x00000000        0x0 c:/program files/microchip/xc32/v2.41/bin/bin/../../lib/gcc/pic32mx/4.8.3/../../../../pic32mx/lib/micromips\libpic32.a(vector18.o)

.data%z64       0x00000000        0x0
 .data          0x00000000        0x0 c:/program files/microchip/xc32/v2.41/bin/bin/../../lib/gcc/pic32mx/4.8.3/../../../../pic32mx/lib/micromips\libpic32.a(vector18.o)

.bss%z65        0x00000000        0x0
 .bss           0x00000000        0x0 c:/program files/microchip/xc32/v2.41/bin/bin/../../lib/gcc/pic32mx/4.8.3/../../../../pic32mx/lib/micromips\libpic32.a(vector17.o)

.data%z66       0x00000000        0x0
 .data          0x00000000        0x0 c:/program files/microchip/xc32/v2.41/bin/bin/../../lib/gcc/pic32mx/4.8.3/../../../../pic32mx/lib/micromips\libpic32.a(vector17.o)

.bss%z67        0x00000000        0x0
 .bss           0x00000000        0x0 c:/program files/microchip/xc32/v2.41/bin/bin/../../lib/gcc/pic32mx/4.8.3/../../../../pic32mx/lib/micromips\libpic32.a(vector16.o)

.data%z68       0x00000000        0x0
 .data          0x00000000        0x0 c:/program files/microchip/xc32/v2.41/bin/bin/../../lib/gcc/pic32mx/4.8.3/../../../../pic32mx/lib/micromips\libpic32.a(vector16.o)

.bss%z69        0x00000000        0x0
 .bss           0x00000000        0x0 c:/program files/microchip/xc32/v2.41/bin/bin/../../lib/gcc/pic32mx/4.8.3/../../../../pic32mx/lib/micromips\libpic32.a(vector15.o)

.data%z70       0x00000000        0x0
 .data          0x00000000        0x0 c:/program files/microchip/xc32/v2.41/bin/bin/../../lib/gcc/pic32mx/4.8.3/../../../../pic32mx/lib/micromips\libpic32.a(vector15.o)

.bss%z71        0x00000000        0x0
 .bss           0x00000000        0x0 c:/program files/microchip/xc32/v2.41/bin/bin/../../lib/gcc/pic32mx/4.8.3/../../../../pic32mx/lib/micromips\libpic32.a(vector14.o)

.data%z72       0x00000000        0x0
 .data          0x00000000        0x0 c:/program files/microchip/xc32/v2.41/bin/bin/../../lib/gcc/pic32mx/4.8.3/../../../../pic32mx/lib/micromips\libpic32.a(vector14.o)

.bss%z73        0x00000000        0x0
 .bss           0x00000000        0x0 c:/program files/microchip/xc32/v2.41/bin/bin/../../lib/gcc/pic32mx/4.8.3/../../../../pic32mx/lib/micromips\libpic32.a(vector13.o)

.data%z74       0x00000000        0x0
 .data          0x00000000        0x0 c:/program files/microchip/xc32/v2.41/bin/bin/../../lib/gcc/pic32mx/4.8.3/../../../../pic32mx/lib/micromips\libpic32.a(vector13.o)

.bss%z75        0x00000000        0x0
 .bss           0x00000000        0x0 c:/program files/microchip/xc32/v2.41/bin/bin/../../lib/gcc/pic32mx/4.8.3/../../../../pic32mx/lib/micromips\libpic32.a(vector12.o)

.data%z76       0x00000000        0x0
 .data          0x00000000        0x0 c:/program files/microchip/xc32/v2.41/bin/bin/../../lib/gcc/pic32mx/4.8.3/../../../../pic32mx/lib/micromips\libpic32.a(vector12.o)

.bss%z77        0x00000000        0x0
 .bss           0x00000000        0x0 c:/program files/microchip/xc32/v2.41/bin/bin/../../lib/gcc/pic32mx/4.8.3/../../../../pic32mx/lib/micromips\libpic32.a(vector10.o)

.data%z78       0x00000000        0x0
 .data          0x00000000        0x0 c:/program files/microchip/xc32/v2.41/bin/bin/../../lib/gcc/pic32mx/4.8.3/../../../../pic32mx/lib/micromips\libpic32.a(vector10.o)

.bss%z79        0x00000000        0x0
 .bss           0x00000000        0x0 c:/program files/microchip/xc32/v2.41/bin/bin/../../lib/gcc/pic32mx/4.8.3/../../../../pic32mx/lib/micromips\libpic32.a(vector9.o)

.data%z80       0x00000000        0x0
 .data          0x00000000        0x0 c:/program files/microchip/xc32/v2.41/bin/bin/../../lib/gcc/pic32mx/4.8.3/../../../../pic32mx/lib/micromips\libpic32.a(vector9.o)

.bss%z81        0x00000000        0x0
 .bss           0x00000000        0x0 c:/program files/microchip/xc32/v2.41/bin/bin/../../lib/gcc/pic32mx/4.8.3/../../../../pic32mx/lib/micromips\libpic32.a(vector8.o)

.data%z82       0x00000000        0x0
 .data          0x00000000        0x0 c:/program files/microchip/xc32/v2.41/bin/bin/../../lib/gcc/pic32mx/4.8.3/../../../../pic32mx/lib/micromips\libpic32.a(vector8.o)

.bss%z83        0x00000000        0x0
 .bss           0x00000000        0x0 c:/program files/microchip/xc32/v2.41/bin/bin/../../lib/gcc/pic32mx/4.8.3/../../../../pic32mx/lib/micromips\libpic32.a(vector7.o)

.data%z84       0x00000000        0x0
 .data          0x00000000        0x0 c:/program files/microchip/xc32/v2.41/bin/bin/../../lib/gcc/pic32mx/4.8.3/../../../../pic32mx/lib/micromips\libpic32.a(vector7.o)

.bss%z85        0x00000000        0x0
 .bss           0x00000000        0x0 c:/program files/microchip/xc32/v2.41/bin/bin/../../lib/gcc/pic32mx/4.8.3/../../../../pic32mx/lib/micromips\libpic32.a(vector6.o)

.data%z86       0x00000000        0x0
 .data          0x00000000        0x0 c:/program files/microchip/xc32/v2.41/bin/bin/../../lib/gcc/pic32mx/4.8.3/../../../../pic32mx/lib/micromips\libpic32.a(vector6.o)

.bss%z87        0x00000000        0x0
 .bss           0x00000000        0x0 c:/program files/microchip/xc32/v2.41/bin/bin/../../lib/gcc/pic32mx/4.8.3/../../../../pic32mx/lib/micromips\libpic32.a(vector5.o)

.data%z88       0x00000000        0x0
 .data          0x00000000        0x0 c:/program files/microchip/xc32/v2.41/bin/bin/../../lib/gcc/pic32mx/4.8.3/../../../../pic32mx/lib/micromips\libpic32.a(vector5.o)

.bss%z89        0x00000000        0x0
 .bss           0x00000000        0x0 c:/program files/microchip/xc32/v2.41/bin/bin/../../lib/gcc/pic32mx/4.8.3/../../../../pic32mx/lib/micromips\libpic32.a(vector4.o)

.data%z90       0x00000000        0x0
 .data          0x00000000        0x0 c:/program files/microchip/xc32/v2.41/bin/bin/../../lib/gcc/pic32mx/4.8.3/../../../../pic32mx/lib/micromips\libpic32.a(vector4.o)

.bss%z91        0x00000000        0x0
 .bss           0x00000000        0x0 c:/program files/microchip/xc32/v2.41/bin/bin/../../lib/gcc/pic32mx/4.8.3/../../../../pic32mx/lib/micromips\libpic32.a(vector3.o)

.data%z92       0x00000000        0x0
 .data          0x00000000        0x0 c:/program files/microchip/xc32/v2.41/bin/bin/../../lib/gcc/pic32mx/4.8.3/../../../../pic32mx/lib/micromips\libpic32.a(vector3.o)

.bss%z93        0x00000000        0x0
 .bss           0x00000000        0x0 c:/program files/microchip/xc32/v2.41/bin/bin/../../lib/gcc/pic32mx/4.8.3/../../../../pic32mx/lib/micromips\libpic32.a(vector2.o)

.data%z94       0x00000000        0x0
 .data          0x00000000        0x0 c:/program files/microchip/xc32/v2.41/bin/bin/../../lib/gcc/pic32mx/4.8.3/../../../../pic32mx/lib/micromips\libpic32.a(vector2.o)

.bss%z95        0x00000000        0x0
 .bss           0x00000000        0x0 c:/program files/microchip/xc32/v2.41/bin/bin/../../lib/gcc/pic32mx/4.8.3/../../../../pic32mx/lib/micromips\libpic32.a(vector1.o)

.data%z96       0x00000000        0x0
 .data          0x00000000        0x0 c:/program files/microchip/xc32/v2.41/bin/bin/../../lib/gcc/pic32mx/4.8.3/../../../../pic32mx/lib/micromips\libpic32.a(vector1.o)

.bss%z97        0x00000000        0x0
 .bss           0x00000000        0x0 c:/program files/microchip/xc32/v2.41/bin/bin/../../lib/gcc/pic32mx/4.8.3/../../../../pic32mx/lib/micromips\libpic32.a(vector0.o)

.data%z98       0x00000000        0x0
 .data          0x00000000        0x0 c:/program files/microchip/xc32/v2.41/bin/bin/../../lib/gcc/pic32mx/4.8.3/../../../../pic32mx/lib/micromips\libpic32.a(vector0.o)

.bss%z99        0x00000000        0x0
 .bss           0x00000000        0x0 c:/program files/microchip/xc32/v2.41/bin/bin/../../lib/gcc/pic32mx/4.8.3/../../../../pic32mx/lib/micromips\libpic32.a(general-exception.o)

.data%z100      0x00000000        0x0
 .data          0x00000000        0x0 c:/program files/microchip/xc32/v2.41/bin/bin/../../lib/gcc/pic32mx/4.8.3/../../../../pic32mx/lib/micromips\libpic32.a(general-exception.o)

.bss%z101       0x00000000        0x0
 .bss           0x00000000        0x0 c:/program files/microchip/xc32/v2.41/bin/bin/../../lib/gcc/pic32mx/4.8.3/../../../../pic32mx/lib/micromips\libpic32.a(pic32_data_init.o)

.data%z102      0x00000000        0x0
 .data          0x00000000        0x0 c:/program files/microchip/xc32/v2.41/bin/bin/../../lib/gcc/pic32mx/4.8.3/../../../../pic32mx/lib/micromips\libpic32.a(pic32_data_init.o)

.bss%z103       0x00000000        0x0
 .bss           0x00000000        0x0 c:/program files/microchip/xc32/v2.41/bin/bin/../../lib/gcc/pic32mx/4.8.3/../../../../pic32mx/lib/micromips\libpic32.a(default-nmi-handler.o)

.data%z104      0x00000000        0x0
 .data          0x00000000        0x0 c:/program files/microchip/xc32/v2.41/bin/bin/../../lib/gcc/pic32mx/4.8.3/../../../../pic32mx/lib/micromips\libpic32.a(default-nmi-handler.o)

.bss%z105       0x00000000        0x0
 .bss           0x00000000        0x0 c:/program files/microchip/xc32/v2.41/bin/bin/../../lib/gcc/pic32mx/4.8.3/../../../../pic32mx/lib/micromips\libpic32.a(default-on-bootstrap.o)

.data%z106      0x00000000        0x0
 .data          0x00000000        0x0 c:/program files/microchip/xc32/v2.41/bin/bin/../../lib/gcc/pic32mx/4.8.3/../../../../pic32mx/lib/micromips\libpic32.a(default-on-bootstrap.o)

.bss%z107       0x00000000        0x0
 .bss           0x00000000        0x0 c:/program files/microchip/xc32/v2.41/bin/bin/../../lib/gcc/pic32mx/4.8.3/../../../../pic32mx/lib/micromips\libpic32.a(default-on-reset.o)

.data%z108      0x00000000        0x0
 .data          0x00000000        0x0 c:/program files/microchip/xc32/v2.41/bin/bin/../../lib/gcc/pic32mx/4.8.3/../../../../pic32mx/lib/micromips\libpic32.a(default-on-reset.o)

.bss%z109       0x00000000        0x0
 .bss           0x00000000        0x0 c:/program files/microchip/xc32/v2.41/bin/bin/../../lib/gcc/pic32mx/4.8.3/../../../../pic32mx/lib/micromips\libpic32.a(default-bootstrap-exception-handler.o)

.data%z110      0x00000000        0x0
 .data          0x00000000        0x0 c:/program files/microchip/xc32/v2.41/bin/bin/../../lib/gcc/pic32mx/4.8.3/../../../../pic32mx/lib/micromips\libpic32.a(default-bootstrap-exception-handler.o)

.bss%z111       0x00000000        0x0
 .bss           0x00000000        0x0 c:/program files/microchip/xc32/v2.41/bin/bin/../../lib/gcc/pic32mx/4.8.3/../../../../pic32mx/lib/micromips\libpic32.a(memset.o)

.data%z112      0x00000000        0x0
 .data          0x00000000        0x0 c:/program files/microchip/xc32/v2.41/bin/bin/../../lib/gcc/pic32mx/4.8.3/../../../../pic32mx/lib/micromips\libpic32.a(memset.o)

.bss%z113       0x00000000        0x0
 .bss           0x00000000        0x0 c:/program files/microchip/xc32/v2.41/bin/bin/../../lib/gcc/pic32mx/4.8.3/../../../../pic32mx/lib/micromips\pic32_software_reset-mm.o

.data%z114      0x00000000        0x0
 .data          0x00000000        0x0 c:/program files/microchip/xc32/v2.41/bin/bin/../../lib/gcc/pic32mx/4.8.3/../../../../pic32mx/lib/micromips\pic32_software_reset-mm.o

.bss%z115       0x00000000        0x0
 .bss           0x00000000        0x0 C:\Users\DALITS~1\AppData\Local\Temp\cckOG4pc.o

.data%z116      0x00000000        0x0
 .data          0x00000000        0x0 C:\Users\DALITS~1\AppData\Local\Temp\cckOG4pc.o

.bss%z117       0x00000000        0x0
 .bss           0x00000000        0x0 C:\Users\DALITS~1\AppData\Local\Temp\cc00DgcQ.o

.data%z118      0x00000000        0x0
 .data          0x00000000        0x0 C:\Users\DALITS~1\AppData\Local\Temp\cc00DgcQ.o

.bss%z119       0x00000000        0x0
 .bss           0x00000000        0x0 C:\Users\DALITS~1\AppData\Local\Temp\cctS3Q5d.o

.data%z120      0x00000000        0x0
 .data          0x00000000        0x0 C:\Users\DALITS~1\AppData\Local\Temp\cctS3Q5d.o

.data%z121      0x00000000        0x0
 .data          0x00000000        0x0 build/default/production/timer_1ms.o

.bss%z122       0x00000000        0x0
 .bss           0x00000000        0x0 build/default/production/system.o

.data%z123      0x00000000        0x0
 .data          0x00000000        0x0 build/default/production/system.o

.bss%z124       0x00000000        0x0
 .bss           0x00000000        0x0 build/default/production/leds.o

.data%z125      0x00000000        0x0
 .data          0x00000000        0x0 build/default/production/leds.o

.bss%z126       0x00000000        0x0
 .bss           0x00000000        0x0 build/default/production/buttons.o

.data%z127      0x00000000        0x0
 .data          0x00000000        0x0 build/default/production/buttons.o

.bss%z128       0x00000000        0x0
 .bss           0x00000000        0x0 build/default/production/adc.o

.data%z129      0x00000000        0x0
 .data          0x00000000        0x0 build/default/production/adc.o

.bss%z130       0x00000000        0x0
 .bss           0x00000000        0x0 build/default/production/main.o

.data%z131      0x00000000        0x0
 .data          0x00000000        0x0 build/default/production/main.o

.bss%z132       0x00000000        0x0
 .bss           0x00000000        0x0 build/default/production/leds_rgb.o

.data%z133      0x00000000        0x0
 .data          0x00000000        0x0 build/default/production/leds_rgb.o

.bss%z134       0x00000000        0x0
 .bss           0x00000000        0x0 c:/program files/microchip/xc32/v2.41/bin/bin/../../lib/gcc/pic32mx/4.8.3/../../../../pic32mx/lib/micromips\debug-exception-return-mm.o

.data%z135      0x00000000        0x0
 .data          0x00000000        0x0 c:/program files/microchip/xc32/v2.41/bin/bin/../../lib/gcc/pic32mx/4.8.3/../../../../pic32mx/lib/micromips\debug-exception-return-mm.o

._debug_exception
                0xbfc00480       0x28
 ._debug_exception
                0xbfc00480       0x28 c:/program files/microchip/xc32/v2.41/bin/bin/../../lib/gcc/pic32mx/4.8.3/../../../../pic32mx/lib/micromips\debug-exception-return-mm.o
                0xbfc00481                __DbgExecReturn

.config_9FC017D8
                0x9fc017d8        0x4
 .config_9FC017D8
                0x9fc017d8        0x4 build/default/production/system.o

.config_9FC017D4
                0x9fc017d4        0x4
 .config_9FC017D4
                0x9fc017d4        0x4 build/default/production/system.o

.config_9FC017D0
                0x9fc017d0        0x4
 .config_9FC017D0
                0x9fc017d0        0x4 build/default/production/system.o

.config_9FC017CC
                0x9fc017cc        0x4
 .config_9FC017CC
                0x9fc017cc        0x4 build/default/production/system.o

.config_9FC017C8
                0x9fc017c8        0x4
 .config_9FC017C8
                0x9fc017c8        0x4 build/default/production/system.o

.config_9FC017C4
                0x9fc017c4        0x4
 .config_9FC017C4
                0x9fc017c4        0x4 build/default/production/system.o

.text           0x9d000380      0x740
 .text          0x9d000380      0x40c build/default/production/leds.o
                0x9d000381                LED_On
                0x9d00043d                LED_Off
                0x9d0004f1                LED_Toggle
                0x9d00061d                LED_Get
                0x9d0006d9                LED_Enable
 .text          0x9d00078c      0x334 build/default/production/timer_1ms.o
                0x9d00078d                TIMER_CancelTick
                0x9d0007f5                TIMER_RequestTick
                0x9d0008a9                TIMER_SetConfiguration
                0x9d00095d                T1Interrupt

.text           0x9d000ac0      0x470
 .text          0x9d000ac0      0x294 build/default/production/leds_rgb.o
                0x9d000ac1                LED_RGB_Enable
                0x9d000c91                LED_RGB_SetRed
                0x9d000cb5                LED_RGB_SetGreen
                0x9d000cd9                LED_RGB_SetBlue
                0x9d000cfd                LED_RGB_Set
 .text          0x9d000d54      0x1dc build/default/production/adc.o
                0x9d000d55                ADC_ReadPercentage
                0x9d000db9                ADC_Read10bit
                0x9d000e69                ADC_ChannelEnable
                0x9d000ea1                ADC_SetConfiguration

.text           0x9d000f30      0x1d8
 .text          0x9d000f30      0x1d8 build/default/production/main.o
                0x9d000f31                main

.text           0x9d000000       0xd4
 .text          0x9d000000       0xd4 build/default/production/buttons.o
                0x9d000001                BUTTON_IsPressed
                0x9d000065                BUTTON_Enable

.text.general_exception
                0x9d0000d4       0x80
 .text.general_exception
                0x9d0000d4       0x80 c:/program files/microchip/xc32/v2.41/bin/bin/../../lib/gcc/pic32mx/4.8.3/../../../../pic32mx/lib/micromips\libpic32.a(general-exception.o)
                0x9d0000d5                _general_exception_context

.text           0x9d001108       0x7c
 .text          0x9d001108       0x7c c:/program files/microchip/xc32/v2.41/bin/bin/../../lib/gcc/pic32mx/4.8.3/../../../../pic32mx/lib/micromips\libpic32.a(memset.o)
                0x9d001109                memset

.text           0x9d00018c       0x74
 .text          0x9d00018c       0x74 c:/program files/microchip/xc32/v2.41/bin/bin/../../lib/gcc/pic32mx/4.8.3/../../../../pic32mx/lib/micromips\libpic32.a(pic32_data_init.o)
                0x9d00018d                __pic32_data_init

.text.main_entry
                0x9d001184       0x44
 .text.main_entry
                0x9d001184       0x44 C:\Users\DALITS~1\AppData\Local\Temp\cctS3Q5d.o
                0x9d0011af                __crt0_exit

.text           0x9d0011c8       0x40
 .text          0x9d0011c8       0x40 c:/program files/microchip/xc32/v2.41/bin/bin/../../lib/gcc/pic32mx/4.8.3/../../../../pic32mx/lib/micromips\pic32_software_reset-mm.o
                0x9d0011c9                __pic32_software_reset

.text._bootstrap_exception_handler
                0x9d001208       0x34
 .text._bootstrap_exception_handler
                0x9d001208       0x34 c:/program files/microchip/xc32/v2.41/bin/bin/../../lib/gcc/pic32mx/4.8.3/../../../../pic32mx/lib/micromips\libpic32.a(default-bootstrap-exception-handler.o)
                0x9d001209                _bootstrap_exception_handler

.text._general_exception_handler
                0x9d00123c       0x34
 .text._general_exception_handler
                0x9d00123c       0x34 c:/program files/microchip/xc32/v2.41/bin/bin/../../lib/gcc/pic32mx/4.8.3/../../../../pic32mx/lib/micromips\libpic32.a(default-general-exception-handler.o)
                0x9d00123d                _general_exception_handler

.vector_default
                0x9d001270       0x30
 .vector_default
                0x9d001270       0x30 c:/program files/microchip/xc32/v2.41/bin/bin/../../lib/gcc/pic32mx/4.8.3/../../../../pic32mx/lib/micromips\libpic32.a(defaultinterrupt.o)
                0x9d001271                _DefaultInterrupt

.dinit          0x9d0012a0       0x30
 .dinit         0x9d0012a0       0x30 data_init

.text           0x9d000154       0x24
 .text          0x9d000154       0x24 build/default/production/system.o
                0x9d000155                SYSTEM_Initialize

.text           0x9d0012d0       0x18
 .text          0x9d0012d0       0x18 c:/program files/microchip/xc32/v2.41/bin/bin/../../lib/gcc/pic32mx/4.8.3/../../../../pic32mx/lib/micromips\libpic32.a(default-nmi-handler.o)
                0x9d0012d1                _nmi_handler

.text._on_reset
                0x9d000178        0x4
 .text._on_reset
                0x9d000178        0x4 c:/program files/microchip/xc32/v2.41/bin/bin/../../lib/gcc/pic32mx/4.8.3/../../../../pic32mx/lib/micromips\libpic32.a(default-on-reset.o)
                0x9d000179                _on_reset

.text._on_bootstrap
                0x9d00017c        0x4
 .text._on_bootstrap
                0x9d00017c        0x4 c:/program files/microchip/xc32/v2.41/bin/bin/../../lib/gcc/pic32mx/4.8.3/../../../../pic32mx/lib/micromips\libpic32.a(default-on-bootstrap.o)
                0x9d00017d                _on_bootstrap

.text%z136      0x00000000        0x0
 .text          0x00000000        0x0 c:/program files/microchip/xc32/v2.41/bin/bin/../../lib/gcc/pic32mx/4.8.3/../../../../pic32mx/lib/micromips\libpic32.a(defaultinterrupt.o)

.text%z137      0x00000000        0x0
 .text          0x00000000        0x0 c:/program files/microchip/xc32/v2.41/bin/bin/../../lib/gcc/pic32mx/4.8.3/../../../../pic32mx/lib/micromips\libpic32.a(default-general-exception-handler.o)

.text%z138      0x00000000        0x0
 .text          0x00000000        0x0 c:/program files/microchip/xc32/v2.41/bin/bin/../../lib/gcc/pic32mx/4.8.3/../../../../pic32mx/lib/micromips\libpic32.a(vector47.o)

.text%z139      0x00000000        0x0
 .text          0x00000000        0x0 c:/program files/microchip/xc32/v2.41/bin/bin/../../lib/gcc/pic32mx/4.8.3/../../../../pic32mx/lib/micromips\libpic32.a(vector46.o)

.text%z140      0x00000000        0x0
 .text          0x00000000        0x0 c:/program files/microchip/xc32/v2.41/bin/bin/../../lib/gcc/pic32mx/4.8.3/../../../../pic32mx/lib/micromips\libpic32.a(vector45.o)

.text%z141      0x00000000        0x0
 .text          0x00000000        0x0 c:/program files/microchip/xc32/v2.41/bin/bin/../../lib/gcc/pic32mx/4.8.3/../../../../pic32mx/lib/micromips\libpic32.a(vector44.o)

.text%z142      0x00000000        0x0
 .text          0x00000000        0x0 c:/program files/microchip/xc32/v2.41/bin/bin/../../lib/gcc/pic32mx/4.8.3/../../../../pic32mx/lib/micromips\libpic32.a(vector43.o)

.text%z143      0x00000000        0x0
 .text          0x00000000        0x0 c:/program files/microchip/xc32/v2.41/bin/bin/../../lib/gcc/pic32mx/4.8.3/../../../../pic32mx/lib/micromips\libpic32.a(vector42.o)

.text%z144      0x00000000        0x0
 .text          0x00000000        0x0 c:/program files/microchip/xc32/v2.41/bin/bin/../../lib/gcc/pic32mx/4.8.3/../../../../pic32mx/lib/micromips\libpic32.a(vector41.o)

.text%z145      0x00000000        0x0
 .text          0x00000000        0x0 c:/program files/microchip/xc32/v2.41/bin/bin/../../lib/gcc/pic32mx/4.8.3/../../../../pic32mx/lib/micromips\libpic32.a(vector40.o)

.text%z146      0x00000000        0x0
 .text          0x00000000        0x0 c:/program files/microchip/xc32/v2.41/bin/bin/../../lib/gcc/pic32mx/4.8.3/../../../../pic32mx/lib/micromips\libpic32.a(vector39.o)

.text%z147      0x00000000        0x0
 .text          0x00000000        0x0 c:/program files/microchip/xc32/v2.41/bin/bin/../../lib/gcc/pic32mx/4.8.3/../../../../pic32mx/lib/micromips\libpic32.a(vector38.o)

.text%z148      0x00000000        0x0
 .text          0x00000000        0x0 c:/program files/microchip/xc32/v2.41/bin/bin/../../lib/gcc/pic32mx/4.8.3/../../../../pic32mx/lib/micromips\libpic32.a(vector37.o)

.text%z149      0x00000000        0x0
 .text          0x00000000        0x0 c:/program files/microchip/xc32/v2.41/bin/bin/../../lib/gcc/pic32mx/4.8.3/../../../../pic32mx/lib/micromips\libpic32.a(vector36.o)

.text%z150      0x00000000        0x0
 .text          0x00000000        0x0 c:/program files/microchip/xc32/v2.41/bin/bin/../../lib/gcc/pic32mx/4.8.3/../../../../pic32mx/lib/micromips\libpic32.a(vector35.o)

.text%z151      0x00000000        0x0
 .text          0x00000000        0x0 c:/program files/microchip/xc32/v2.41/bin/bin/../../lib/gcc/pic32mx/4.8.3/../../../../pic32mx/lib/micromips\libpic32.a(vector34.o)

.text%z152      0x00000000        0x0
 .text          0x00000000        0x0 c:/program files/microchip/xc32/v2.41/bin/bin/../../lib/gcc/pic32mx/4.8.3/../../../../pic32mx/lib/micromips\libpic32.a(vector33.o)

.text%z153      0x00000000        0x0
 .text          0x00000000        0x0 c:/program files/microchip/xc32/v2.41/bin/bin/../../lib/gcc/pic32mx/4.8.3/../../../../pic32mx/lib/micromips\libpic32.a(vector32.o)

.text%z154      0x00000000        0x0
 .text          0x00000000        0x0 c:/program files/microchip/xc32/v2.41/bin/bin/../../lib/gcc/pic32mx/4.8.3/../../../../pic32mx/lib/micromips\libpic32.a(vector31.o)

.text%z155      0x00000000        0x0
 .text          0x00000000        0x0 c:/program files/microchip/xc32/v2.41/bin/bin/../../lib/gcc/pic32mx/4.8.3/../../../../pic32mx/lib/micromips\libpic32.a(vector30.o)

.text%z156      0x00000000        0x0
 .text          0x00000000        0x0 c:/program files/microchip/xc32/v2.41/bin/bin/../../lib/gcc/pic32mx/4.8.3/../../../../pic32mx/lib/micromips\libpic32.a(vector29.o)

.text%z157      0x00000000        0x0
 .text          0x00000000        0x0 c:/program files/microchip/xc32/v2.41/bin/bin/../../lib/gcc/pic32mx/4.8.3/../../../../pic32mx/lib/micromips\libpic32.a(vector28.o)

.text%z158      0x00000000        0x0
 .text          0x00000000        0x0 c:/program files/microchip/xc32/v2.41/bin/bin/../../lib/gcc/pic32mx/4.8.3/../../../../pic32mx/lib/micromips\libpic32.a(vector27.o)

.text%z159      0x00000000        0x0
 .text          0x00000000        0x0 c:/program files/microchip/xc32/v2.41/bin/bin/../../lib/gcc/pic32mx/4.8.3/../../../../pic32mx/lib/micromips\libpic32.a(vector26.o)

.text%z160      0x00000000        0x0
 .text          0x00000000        0x0 c:/program files/microchip/xc32/v2.41/bin/bin/../../lib/gcc/pic32mx/4.8.3/../../../../pic32mx/lib/micromips\libpic32.a(vector25.o)

.text%z161      0x00000000        0x0
 .text          0x00000000        0x0 c:/program files/microchip/xc32/v2.41/bin/bin/../../lib/gcc/pic32mx/4.8.3/../../../../pic32mx/lib/micromips\libpic32.a(vector24.o)

.text%z162      0x00000000        0x0
 .text          0x00000000        0x0 c:/program files/microchip/xc32/v2.41/bin/bin/../../lib/gcc/pic32mx/4.8.3/../../../../pic32mx/lib/micromips\libpic32.a(vector23.o)

.text%z163      0x00000000        0x0
 .text          0x00000000        0x0 c:/program files/microchip/xc32/v2.41/bin/bin/../../lib/gcc/pic32mx/4.8.3/../../../../pic32mx/lib/micromips\libpic32.a(vector22.o)

.text%z164      0x00000000        0x0
 .text          0x00000000        0x0 c:/program files/microchip/xc32/v2.41/bin/bin/../../lib/gcc/pic32mx/4.8.3/../../../../pic32mx/lib/micromips\libpic32.a(vector21.o)

.text%z165      0x00000000        0x0
 .text          0x00000000        0x0 c:/program files/microchip/xc32/v2.41/bin/bin/../../lib/gcc/pic32mx/4.8.3/../../../../pic32mx/lib/micromips\libpic32.a(vector20.o)

.text%z166      0x00000000        0x0
 .text          0x00000000        0x0 c:/program files/microchip/xc32/v2.41/bin/bin/../../lib/gcc/pic32mx/4.8.3/../../../../pic32mx/lib/micromips\libpic32.a(vector19.o)

.text%z167      0x00000000        0x0
 .text          0x00000000        0x0 c:/program files/microchip/xc32/v2.41/bin/bin/../../lib/gcc/pic32mx/4.8.3/../../../../pic32mx/lib/micromips\libpic32.a(vector18.o)

.text%z168      0x00000000        0x0
 .text          0x00000000        0x0 c:/program files/microchip/xc32/v2.41/bin/bin/../../lib/gcc/pic32mx/4.8.3/../../../../pic32mx/lib/micromips\libpic32.a(vector17.o)

.text%z169      0x00000000        0x0
 .text          0x00000000        0x0 c:/program files/microchip/xc32/v2.41/bin/bin/../../lib/gcc/pic32mx/4.8.3/../../../../pic32mx/lib/micromips\libpic32.a(vector16.o)

.text%z170      0x00000000        0x0
 .text          0x00000000        0x0 c:/program files/microchip/xc32/v2.41/bin/bin/../../lib/gcc/pic32mx/4.8.3/../../../../pic32mx/lib/micromips\libpic32.a(vector15.o)

.text%z171      0x00000000        0x0
 .text          0x00000000        0x0 c:/program files/microchip/xc32/v2.41/bin/bin/../../lib/gcc/pic32mx/4.8.3/../../../../pic32mx/lib/micromips\libpic32.a(vector14.o)

.text%z172      0x00000000        0x0
 .text          0x00000000        0x0 c:/program files/microchip/xc32/v2.41/bin/bin/../../lib/gcc/pic32mx/4.8.3/../../../../pic32mx/lib/micromips\libpic32.a(vector13.o)

.text%z173      0x00000000        0x0
 .text          0x00000000        0x0 c:/program files/microchip/xc32/v2.41/bin/bin/../../lib/gcc/pic32mx/4.8.3/../../../../pic32mx/lib/micromips\libpic32.a(vector12.o)

.text%z174      0x00000000        0x0
 .text          0x00000000        0x0 c:/program files/microchip/xc32/v2.41/bin/bin/../../lib/gcc/pic32mx/4.8.3/../../../../pic32mx/lib/micromips\libpic32.a(vector10.o)

.text%z175      0x00000000        0x0
 .text          0x00000000        0x0 c:/program files/microchip/xc32/v2.41/bin/bin/../../lib/gcc/pic32mx/4.8.3/../../../../pic32mx/lib/micromips\libpic32.a(vector9.o)

.text%z176      0x00000000        0x0
 .text          0x00000000        0x0 c:/program files/microchip/xc32/v2.41/bin/bin/../../lib/gcc/pic32mx/4.8.3/../../../../pic32mx/lib/micromips\libpic32.a(vector8.o)

.text%z177      0x00000000        0x0
 .text          0x00000000        0x0 c:/program files/microchip/xc32/v2.41/bin/bin/../../lib/gcc/pic32mx/4.8.3/../../../../pic32mx/lib/micromips\libpic32.a(vector7.o)

.text%z178      0x00000000        0x0
 .text          0x00000000        0x0 c:/program files/microchip/xc32/v2.41/bin/bin/../../lib/gcc/pic32mx/4.8.3/../../../../pic32mx/lib/micromips\libpic32.a(vector6.o)

.text%z179      0x00000000        0x0
 .text          0x00000000        0x0 c:/program files/microchip/xc32/v2.41/bin/bin/../../lib/gcc/pic32mx/4.8.3/../../../../pic32mx/lib/micromips\libpic32.a(vector5.o)

.text%z180      0x00000000        0x0
 .text          0x00000000        0x0 c:/program files/microchip/xc32/v2.41/bin/bin/../../lib/gcc/pic32mx/4.8.3/../../../../pic32mx/lib/micromips\libpic32.a(vector4.o)

.text%z181      0x00000000        0x0
 .text          0x00000000        0x0 c:/program files/microchip/xc32/v2.41/bin/bin/../../lib/gcc/pic32mx/4.8.3/../../../../pic32mx/lib/micromips\libpic32.a(vector3.o)

.text%z182      0x00000000        0x0
 .text          0x00000000        0x0 c:/program files/microchip/xc32/v2.41/bin/bin/../../lib/gcc/pic32mx/4.8.3/../../../../pic32mx/lib/micromips\libpic32.a(vector2.o)

.text%z183      0x00000000        0x0
 .text          0x00000000        0x0 c:/program files/microchip/xc32/v2.41/bin/bin/../../lib/gcc/pic32mx/4.8.3/../../../../pic32mx/lib/micromips\libpic32.a(vector1.o)

.text%z184      0x00000000        0x0
 .text          0x00000000        0x0 c:/program files/microchip/xc32/v2.41/bin/bin/../../lib/gcc/pic32mx/4.8.3/../../../../pic32mx/lib/micromips\libpic32.a(vector0.o)

.text%z185      0x00000000        0x0
 .text          0x00000000        0x0 c:/program files/microchip/xc32/v2.41/bin/bin/../../lib/gcc/pic32mx/4.8.3/../../../../pic32mx/lib/micromips\libpic32.a(general-exception.o)

.text%z186      0x00000000        0x0
 .text          0x00000000        0x0 c:/program files/microchip/xc32/v2.41/bin/bin/../../lib/gcc/pic32mx/4.8.3/../../../../pic32mx/lib/micromips\libpic32.a(default-on-bootstrap.o)

.text%z187      0x00000000        0x0
 .text          0x00000000        0x0 c:/program files/microchip/xc32/v2.41/bin/bin/../../lib/gcc/pic32mx/4.8.3/../../../../pic32mx/lib/micromips\libpic32.a(default-on-reset.o)

.text%z188      0x00000000        0x0
 .text          0x00000000        0x0 c:/program files/microchip/xc32/v2.41/bin/bin/../../lib/gcc/pic32mx/4.8.3/../../../../pic32mx/lib/micromips\libpic32.a(default-bootstrap-exception-handler.o)

.text%z189      0x00000000        0x0
 .text          0x00000000        0x0 C:\Users\DALITS~1\AppData\Local\Temp\cckOG4pc.o

.text%z190      0x00000000        0x0
 .text          0x00000000        0x0 C:\Users\DALITS~1\AppData\Local\Temp\cc00DgcQ.o

.text%z191      0x00000000        0x0